Component: ARM Compiler 5.06 update 7 (build 960) Tool: armlink [4d3601]

==============================================================================

Section Cross References

    kbd.o(i.get_button) refers to kbd.o(i.KBD_get) for KBD_get
    glcd_spi_lpc1700.o(i.GLCD_Bargraph) refers to glcd_spi_lpc1700.o(i.GLCD_SetWindow) for GLCD_SetWindow
    glcd_spi_lpc1700.o(i.GLCD_Bargraph) refers to glcd_spi_lpc1700.o(i.wr_cmd) for wr_cmd
    glcd_spi_lpc1700.o(i.GLCD_Bargraph) refers to glcd_spi_lpc1700.o(i.wr_dat_start) for wr_dat_start
    glcd_spi_lpc1700.o(i.GLCD_Bargraph) refers to glcd_spi_lpc1700.o(i.wr_dat_only) for wr_dat_only
    glcd_spi_lpc1700.o(i.GLCD_Bargraph) refers to glcd_spi_lpc1700.o(i.wr_dat_stop) for wr_dat_stop
    glcd_spi_lpc1700.o(i.GLCD_Bargraph) refers to glcd_spi_lpc1700.o(.data) for Color
    glcd_spi_lpc1700.o(i.GLCD_Bitmap) refers to glcd_spi_lpc1700.o(i.GLCD_SetWindow) for GLCD_SetWindow
    glcd_spi_lpc1700.o(i.GLCD_Bitmap) refers to glcd_spi_lpc1700.o(i.wr_cmd) for wr_cmd
    glcd_spi_lpc1700.o(i.GLCD_Bitmap) refers to glcd_spi_lpc1700.o(i.wr_dat_start) for wr_dat_start
    glcd_spi_lpc1700.o(i.GLCD_Bitmap) refers to glcd_spi_lpc1700.o(i.wr_dat_only) for wr_dat_only
    glcd_spi_lpc1700.o(i.GLCD_Bitmap) refers to glcd_spi_lpc1700.o(i.wr_dat_stop) for wr_dat_stop
    glcd_spi_lpc1700.o(i.GLCD_Clear) refers to glcd_spi_lpc1700.o(i.GLCD_WindowMax) for GLCD_WindowMax
    glcd_spi_lpc1700.o(i.GLCD_Clear) refers to glcd_spi_lpc1700.o(i.wr_cmd) for wr_cmd
    glcd_spi_lpc1700.o(i.GLCD_Clear) refers to glcd_spi_lpc1700.o(i.wr_dat_start) for wr_dat_start
    glcd_spi_lpc1700.o(i.GLCD_Clear) refers to glcd_spi_lpc1700.o(i.wr_dat_only) for wr_dat_only
    glcd_spi_lpc1700.o(i.GLCD_Clear) refers to glcd_spi_lpc1700.o(i.wr_dat_stop) for wr_dat_stop
    glcd_spi_lpc1700.o(i.GLCD_ClearLn) refers to glcd_spi_lpc1700.o(i.GLCD_WindowMax) for GLCD_WindowMax
    glcd_spi_lpc1700.o(i.GLCD_ClearLn) refers to glcd_spi_lpc1700.o(i.GLCD_DisplayString) for GLCD_DisplayString
    glcd_spi_lpc1700.o(i.GLCD_DisplayChar) refers to glcd_spi_lpc1700.o(i.GLCD_DrawChar) for GLCD_DrawChar
    glcd_spi_lpc1700.o(i.GLCD_DisplayChar) refers to glcd_spi_lpc1700.o(.constdata) for Font_6x8_h
    glcd_spi_lpc1700.o(i.GLCD_DisplayString) refers to glcd_spi_lpc1700.o(i.GLCD_DisplayChar) for GLCD_DisplayChar
    glcd_spi_lpc1700.o(i.GLCD_DrawChar) refers to glcd_spi_lpc1700.o(i.GLCD_SetWindow) for GLCD_SetWindow
    glcd_spi_lpc1700.o(i.GLCD_DrawChar) refers to glcd_spi_lpc1700.o(i.wr_cmd) for wr_cmd
    glcd_spi_lpc1700.o(i.GLCD_DrawChar) refers to glcd_spi_lpc1700.o(i.wr_dat_start) for wr_dat_start
    glcd_spi_lpc1700.o(i.GLCD_DrawChar) refers to glcd_spi_lpc1700.o(i.wr_dat_only) for wr_dat_only
    glcd_spi_lpc1700.o(i.GLCD_DrawChar) refers to glcd_spi_lpc1700.o(i.wr_dat_stop) for wr_dat_stop
    glcd_spi_lpc1700.o(i.GLCD_DrawChar) refers to glcd_spi_lpc1700.o(.data) for Color
    glcd_spi_lpc1700.o(i.GLCD_Init) refers to glcd_spi_lpc1700.o(i.rd_id_man) for rd_id_man
    glcd_spi_lpc1700.o(i.GLCD_Init) refers to glcd_spi_lpc1700.o(i.rd_reg) for rd_reg
    glcd_spi_lpc1700.o(i.GLCD_Init) refers to glcd_spi_lpc1700.o(i.wr_reg) for wr_reg
    glcd_spi_lpc1700.o(i.GLCD_Init) refers to glcd_spi_lpc1700.o(i.delay) for delay
    glcd_spi_lpc1700.o(i.GLCD_Init) refers to glcd_spi_lpc1700.o(.data) for Himax
    glcd_spi_lpc1700.o(i.GLCD_PutPixel) refers to glcd_spi_lpc1700.o(i.wr_reg) for wr_reg
    glcd_spi_lpc1700.o(i.GLCD_PutPixel) refers to glcd_spi_lpc1700.o(i.wr_cmd) for wr_cmd
    glcd_spi_lpc1700.o(i.GLCD_PutPixel) refers to glcd_spi_lpc1700.o(i.wr_dat) for wr_dat
    glcd_spi_lpc1700.o(i.GLCD_PutPixel) refers to glcd_spi_lpc1700.o(.data) for Himax
    glcd_spi_lpc1700.o(i.GLCD_SetBackColor) refers to glcd_spi_lpc1700.o(.data) for Color
    glcd_spi_lpc1700.o(i.GLCD_SetTextColor) refers to glcd_spi_lpc1700.o(.data) for Color
    glcd_spi_lpc1700.o(i.GLCD_SetWindow) refers to glcd_spi_lpc1700.o(i.wr_reg) for wr_reg
    glcd_spi_lpc1700.o(i.GLCD_SetWindow) refers to glcd_spi_lpc1700.o(.data) for Himax
    glcd_spi_lpc1700.o(i.GLCD_WindowMax) refers to glcd_spi_lpc1700.o(i.GLCD_SetWindow) for GLCD_SetWindow
    glcd_spi_lpc1700.o(i.GLCD_WrCmd) refers to glcd_spi_lpc1700.o(i.wr_cmd) for wr_cmd
    glcd_spi_lpc1700.o(i.GLCD_WrReg) refers to glcd_spi_lpc1700.o(i.wr_reg) for wr_reg
    glcd_spi_lpc1700.o(i.rd_id_man) refers to glcd_spi_lpc1700.o(i.spi_tran_man) for spi_tran_man
    glcd_spi_lpc1700.o(i.rd_reg) refers to glcd_spi_lpc1700.o(i.wr_cmd) for wr_cmd
    glcd_spi_lpc1700.o(i.rd_reg) refers to glcd_spi_lpc1700.o(i.spi_tran) for spi_tran
    glcd_spi_lpc1700.o(i.spi_tran_man) refers to glcd_spi_lpc1700.o(i.delay) for delay
    glcd_spi_lpc1700.o(i.wr_cmd) refers to glcd_spi_lpc1700.o(i.spi_tran) for spi_tran
    glcd_spi_lpc1700.o(i.wr_dat) refers to glcd_spi_lpc1700.o(i.spi_tran) for spi_tran
    glcd_spi_lpc1700.o(i.wr_dat_only) refers to glcd_spi_lpc1700.o(i.spi_tran) for spi_tran
[...]
    eventrecorder.o(i.EventRecorderStop) refers to eventrecorder.o(.bss.noinit) for EventStatus
    eventrecorder.o(i.EventRecorderTimerGetFreq) refers to system_lpc17xx.o(.data) for SystemCoreClock
    eventrecorder.o(i.GetContext) refers to eventrecorder.o(.emb_text) for __asm___15_EventRecorder_c_e8d3082c__atomic_inc8
    eventrecorder.o(i.GetContext) refers to eventrecorder.o(.bss.noinit) for EventStatus
    eventrecorder.o(.constdata) refers to eventrecorder.o(.bss.noinit) for EventBuffer
    startup_lpc17xx.o(RESET) refers to startup_lpc17xx.o(STACK) for __initial_sp
    startup_lpc17xx.o(RESET) refers to startup_lpc17xx.o(.text) for Reset_Handler
    startup_lpc17xx.o(RESET) refers to main.o(i.TIMER0_IRQHandler) for TIMER0_IRQHandler
    startup_lpc17xx.o(RESET) refers to adc_mcb1700.o(i.ADC_IRQHandler) for ADC_IRQHandler
    startup_lpc17xx.o(RESET) refers to usbhw.o(i.USB_IRQHandler) for USB_IRQHandler
    startup_lpc17xx.o(.text) refers to system_lpc17xx.o(i.SystemInit) for SystemInit
    startup_lpc17xx.o(.text) refers to entry.o(.ARM.Collect$$$$00000000) for __main
    system_lpc17xx.o(i.SystemClockUpdate) refers to system_lpc17xx.o(.data) for SystemFrequency
    system_lpc17xx.o(i.SystemCoreClockUpdate) refers to uldiv.o(.text) for __aeabi_uldivmod
    system_lpc17xx.o(i.SystemCoreClockUpdate) refers to system_lpc17xx.o(.data) for SystemCoreClock
    entry.o(.ARM.Collect$$$$00000000) refers (Special) to entry10a.o(.ARM.Collect$$$$0000000F) for __rt_final_cpp
    entry.o(.ARM.Collect$$$$00000000) refers (Special) to entry11a.o(.ARM.Collect$$$$00000011) for __rt_final_exit
    entry.o(.ARM.Collect$$$$00000000) refers (Special) to entry12b.o(.ARM.Collect$$$$0000000E) for __rt_lib_shutdown_fini
    entry.o(.ARM.Collect$$$$00000000) refers (Special) to entry7b.o(.ARM.Collect$$$$00000008) for _main_clock
    entry.o(.ARM.Collect$$$$00000000) refers (Special) to entry8b.o(.ARM.Collect$$$$0000000A) for _main_cpp_init
    entry.o(.ARM.Collect$$$$00000000) refers (Special) to entry9a.o(.ARM.Collect$$$$0000000B) for _main_init
    entry.o(.ARM.Collect$$$$00000000) refers (Special) to entry5.o(.ARM.Collect$$$$00000004) for _main_scatterload
    entry.o(.ARM.Collect$$$$00000000) refers (Special) to entry2.o(.ARM.Collect$$$$00000001) for _main_stk
    uldiv.o(.text) refers to llushr.o(.text) for __aeabi_llsr
    uldiv.o(.text) refers to llshl.o(.text) for __aeabi_llsl
    printfb.o(i.__0fprintf$bare) refers to printfb.o(i._printf_core) for _printf_core
    printfb.o(i.__0fprintf$bare) refers to fputc.o(i.fputc) for fputc
    printfb.o(i.__0printf$bare) refers to printfb.o(i._printf_core) for _printf_core
    printfb.o(i.__0printf$bare) refers to fputc.o(i.fputc) for fputc
    printfb.o(i.__0printf$bare) refers to stdout.o(.data) for __stdout
    printfb.o(i.__0snprintf$bare) refers to printfb.o(i._printf_core) for _printf_core
    printfb.o(i.__0snprintf$bare) refers to printfb.o(i._snputc) for _snputc
    printfb.o(i.__0sprintf$bare) refers to printfb.o(i._printf_core) for _printf_core
    printfb.o(i.__0sprintf$bare) refers to printfb.o(i._sputc) for _sputc
    printfb.o(i.__0vfprintf$bare) refers to printfb.o(i._printf_core) for _printf_core
    printfb.o(i.__0vfprintf$bare) refers to fputc.o(i.fputc) for fputc
    printfb.o(i.__0vprintf$bare) refers to printfb.o(i._printf_core) for _printf_core
    printfb.o(i.__0vprintf$bare) refers to fputc.o(i.fputc) for fputc
    printfb.o(i.__0vprintf$bare) refers to stdout.o(.data) for __stdout
    printfb.o(i.__0vsnprintf$bare) refers to printfb.o(i._printf_core) for _printf_core
    printfb.o(i.__0vsnprintf$bare) refers to printfb.o(i._snputc) for _snputc
    printfb.o(i.__0vsprintf$bare) refers to printfb.o(i._printf_core) for _printf_core
    printfb.o(i.__0vsprintf$bare) refers to printfb.o(i._sputc) for _sputc
    printf0.o(i.__0fprintf$0) refers to printf0.o(i._printf_core) for _printf_core
    printf0.o(i.__0fprintf$0) refers to fputc.o(i.fputc) for fputc
    printf0.o(i.__0printf$0) refers to printf0.o(i._printf_core) for _printf_core
    printf0.o(i.__0printf$0) refers to fputc.o(i.fputc) for fputc
    printf0.o(i.__0printf$0) refers to stdout.o(.data) for __stdout
    printf0.o(i.__0snprintf$0) refers to printf0.o(i._printf_core) for _printf_core
    printf0.o(i.__0snprintf$0) refers to printf0.o(i._snputc) for _snputc
    printf0.o(i.__0sprintf$0) refers to printf0.o(i._printf_core) for _printf_core
    printf0.o(i.__0sprintf$0) refers to printf0.o(i._sputc) for _sputc
    printf0.o(i.__0vfprintf$0) refers to printf0.o(i._printf_core) for _printf_core
    printf0.o(i.__0vfprintf$0) refers to fputc.o(i.fputc) for fputc
    printf0.o(i.__0vprintf$0) refers to printf0.o(i._printf_core) for _printf_core
    printf0.o(i.__0vprintf$0) refers to fputc.o(i.fputc) for fputc
    printf0.o(i.__0vprintf$0) refers to stdout.o(.data) for __stdout
    printf0.o(i.__0vsnprintf$0) refers to printf0.o(i._printf_core) for _printf_core
    printf0.o(i.__0vsnprintf$0) refers to printf0.o(i._snputc) for _snputc
    printf0.o(i.__0vsprintf$0) refers to printf0.o(i._printf_core) for _printf_core
    printf0.o(i.__0vsprintf$0) refers to printf0.o(i._sputc) for _sputc
    printf1.o(i.__0fprintf$1) refers to printf1.o(i._printf_core) for _printf_core
    printf1.o(i.__0fprintf$1) refers to fputc.o(i.fputc) for fputc
    printf1.o(i.__0printf$1) refers to printf1.o(i._printf_core) for _printf_core
    printf1.o(i.__0printf$1) refers to fputc.o(i.fputc) for fputc
    printf1.o(i.__0printf$1) refers to stdout.o(.data) for __stdout
    printf1.o(i.__0snprintf$1) refers to printf1.o(i._printf_core) for _printf_core
    printf1.o(i.__0snprintf$1) refers to printf1.o(i._snputc) for _snputc
    printf1.o(i.__0sprintf$1) refers to printf1.o(i._printf_core) for _printf_core
    printf1.o(i.__0sprintf$1) refers to printf1.o(i._sputc) for _sputc
    printf1.o(i.__0vfprintf$1) refers to printf1.o(i._printf_core) for _printf_core
    printf1.o(i.__0vfprintf$1) refers to fputc.o(i.fputc) for fputc
    printf1.o(i.__0vprintf$1) refers to printf1.o(i._printf_core) for _printf_core
    printf1.o(i.__0vprintf$1) refers to fputc.o(i.fputc) for fputc
    printf1.o(i.__0vprintf$1) refers to stdout.o(.data) for __stdout
    printf1.o(i.__0vsnprintf$1) refers to printf1.o(i._printf_core) for _printf_core
    printf1.o(i.__0vsnprintf$1) refers to printf1.o(i._snputc) for _snputc
    printf1.o(i.__0vsprintf$1) refers to printf1.o(i._printf_core) for _printf_core
    printf1.o(i.__0vsprintf$1) refers to printf1.o(i._sputc) for _sputc
    printf1.o(i._printf_core) refers to uidiv.o(.text) for __aeabi_uidivmod
    printf2.o(i.__0fprintf$2) refers to printf2.o(i._printf_core) for _printf_core
    printf2.o(i.__0fprintf$2) refers to fputc.o(i.fputc) for fputc
    printf2.o(i.__0printf$2) refers to printf2.o(i._printf_core) for _printf_core
    printf2.o(i.__0printf$2) refers to fputc.o(i.fputc) for fputc
    printf2.o(i.__0printf$2) refers to stdout.o(.data) for __stdout
    printf2.o(i.__0snprintf$2) refers to printf2.o(i._printf_core) for _printf_core
    printf2.o(i.__0snprintf$2) refers to printf2.o(i._snputc) for _snputc
    printf2.o(i.__0sprintf$2) refers to printf2.o(i._printf_core) for _printf_core
    printf2.o(i.__0sprintf$2) refers to printf2.o(i._sputc) for _sputc
    printf2.o(i.__0vfprintf$2) refers to printf2.o(i._printf_core) for _printf_core
    printf2.o(i.__0vfprintf$2) refers to fputc.o(i.fputc) for fputc
    printf2.o(i.__0vprintf$2) refers to printf2.o(i._printf_core) for _printf_core
    printf2.o(i.__0vprintf$2) refers to fputc.o(i.fputc) for fputc
    printf2.o(i.__0vprintf$2) refers to stdout.o(.data) for __stdout
    printf2.o(i.__0vsnprintf$2) refers to printf2.o(i._printf_core) for _printf_core
    printf2.o(i.__0vsnprintf$2) refers to printf2.o(i._snputc) for _snputc
    printf2.o(i.__0vsprintf$2) refers to printf2.o(i._printf_core) for _printf_core
    printf2.o(i.__0vsprintf$2) refers to printf2.o(i._sputc) for _sputc
    printf3.o(i.__0fprintf$3) refers to printf3.o(i._printf_core) for _printf_core
    printf3.o(i.__0fprintf$3) refers to fputc.o(i.fputc) for fputc
    printf3.o(i.__0printf$3) refers to printf3.o(i._printf_core) for _printf_core
    printf3.o(i.__0printf$3) refers to fputc.o(i.fputc) for fputc
    printf3.o(i.__0printf$3) refers to stdout.o(.data) for __stdout
    printf3.o(i.__0snprintf$3) refers to printf3.o(i._printf_core) for _printf_core
    printf3.o(i.__0snprintf$3) refers to printf3.o(i._snputc) for _snputc
    printf3.o(i.__0sprintf$3) refers to printf3.o(i._printf_core) for _printf_core
    printf3.o(i.__0sprintf$3) refers to printf3.o(i._sputc) for _sputc
    printf3.o(i.__0vfprintf$3) refers to printf3.o(i._printf_core) for _printf_core
    printf3.o(i.__0vfprintf$3) refers to fputc.o(i.fputc) for fputc
    printf3.o(i.__0vprintf$3) refers to printf3.o(i._printf_core) for _printf_core
    printf3.o(i.__0vprintf$3) refers to fputc.o(i.fputc) for fputc
    printf3.o(i.__0vprintf$3) refers to stdout.o(.data) for __stdout
    printf3.o(i.__0vsnprintf$3) refers to printf3.o(i._printf_core) for _printf_core
    printf3.o(i.__0vsnprintf$3) refers to printf3.o(i._snputc) for _snputc
    printf3.o(i.__0vsprintf$3) refers to printf3.o(i._printf_core) for _printf_core
    printf3.o(i.__0vsprintf$3) refers to printf3.o(i._sputc) for _sputc
    printf3.o(i._printf_core) refers to uidiv.o(.text) for __aeabi_uidivmod
    printf4.o(i.__0fprintf$4) refers to printf4.o(i._printf_core) for _printf_core
    printf4.o(i.__0fprintf$4) refers to fputc.o(i.fputc) for fputc
    printf4.o(i.__0printf$4) refers to printf4.o(i._printf_core) for _printf_core
    printf4.o(i.__0printf$4) refers to fputc.o(i.fputc) for fputc
    printf4.o(i.__0printf$4) refers to stdout.o(.data) for __stdout
    printf4.o(i.__0snprintf$4) refers to printf4.o(i._printf_core) for _printf_core
    printf4.o(i.__0snprintf$4) refers to printf4.o(i._snputc) for _snputc
    printf4.o(i.__0sprintf$4) refers to printf4.o(i._printf_core) for _printf_core
    printf4.o(i.__0sprintf$4) refers to printf4.o(i._sputc) for _sputc
    printf4.o(i.__0vfprintf$4) refers to printf4.o(i._printf_core) for _printf_core
    printf4.o(i.__0vfprintf$4) refers to fputc.o(i.fputc) for fputc
    printf4.o(i.__0vprintf$4) refers to printf4.o(i._printf_core) for _printf_core
    printf4.o(i.__0vprintf$4) refers to fputc.o(i.fputc) for fputc
    printf4.o(i.__0vprintf$4) refers to stdout.o(.data) for __stdout
    printf4.o(i.__0vsnprintf$4) refers to printf4.o(i._printf_core) for _printf_core
    printf4.o(i.__0vsnprintf$4) refers to printf4.o(i._snputc) for _snputc
    printf4.o(i.__0vsprintf$4) refers to printf4.o(i._printf_core) for _printf_core
    printf4.o(i.__0vsprintf$4) refers to printf4.o(i._sputc) for _sputc
    printf4.o(i._printf_core) refers to uldiv.o(.text) for __aeabi_uldivmod
    printf5.o(i.__0fprintf$5) refers to printf5.o(i._printf_core) for _printf_core
    printf5.o(i.__0fprintf$5) refers to fputc.o(i.fputc) for fputc
    printf5.o(i.__0printf$5) refers to printf5.o(i._printf_core) for _printf_core
    printf5.o(i.__0printf$5) refers to fputc.o(i.fputc) for fputc
    printf5.o(i.__0printf$5) refers to stdout.o(.data) for __stdout
    printf5.o(i.__0snprintf$5) refers to printf5.o(i._printf_core) for _printf_core
    printf5.o(i.__0snprintf$5) refers to printf5.o(i._snputc) for _snputc
    printf5.o(i.__0sprintf$5) refers to printf5.o(i._printf_core) for _printf_core
    printf5.o(i.__0sprintf$5) refers to printf5.o(i._sputc) for _sputc
    printf5.o(i.__0vfprintf$5) refers to printf5.o(i._printf_core) for _printf_core
    printf5.o(i.__0vfprintf$5) refers to fputc.o(i.fputc) for fputc
    printf5.o(i.__0vprintf$5) refers to printf5.o(i._printf_core) for _printf_core
    printf5.o(i.__0vprintf$5) refers to fputc.o(i.fputc) for fputc
    printf5.o(i.__0vprintf$5) refers to stdout.o(.data) for __stdout
    printf5.o(i.__0vsnprintf$5) refers to printf5.o(i._printf_core) for _printf_core
    printf5.o(i.__0vsnprintf$5) refers to printf5.o(i._snputc) for _snputc
    printf5.o(i.__0vsprintf$5) refers to printf5.o(i._printf_core) for _printf_core
    printf5.o(i.__0vsprintf$5) refers to printf5.o(i._sputc) for _sputc
    printf5.o(i._printf_core) refers to uldiv.o(.text) for __aeabi_uldivmod
    printf6.o(i.__0fprintf$6) refers to printf6.o(i._printf_core) for _printf_core
    printf6.o(i.__0fprintf$6) refers to fputc.o(i.fputc) for fputc
    printf6.o(i.__0printf$6) refers to printf6.o(i._printf_core) for _printf_core
    printf6.o(i.__0printf$6) refers to fputc.o(i.fputc) for fputc
    printf6.o(i.__0printf$6) refers to stdout.o(.data) for __stdout
    printf6.o(i.__0snprintf$6) refers to printf6.o(i._printf_core) for _printf_core
    printf6.o(i.__0snprintf$6) refers to printf6.o(i._snputc) for _snputc
    printf6.o(i.__0sprintf$6) refers to printf6.o(i._printf_core) for _printf_core
    printf6.o(i.__0sprintf$6) refers to printf6.o(i._sputc) for _sputc
    printf6.o(i.__0vfprintf$6) refers to printf6.o(i._printf_core) for _printf_core
    printf6.o(i.__0vfprintf$6) refers to fputc.o(i.fputc) for fputc
    printf6.o(i.__0vprintf$6) refers to printf6.o(i._printf_core) for _printf_core
    printf6.o(i.__0vprintf$6) refers to fputc.o(i.fputc) for fputc
    printf6.o(i.__0vprintf$6) refers to stdout.o(.data) for __stdout
    printf6.o(i.__0vsnprintf$6) refers to printf6.o(i._printf_core) for _printf_core
    printf6.o(i.__0vsnprintf$6) refers to printf6.o(i._snputc) for _snputc
    printf6.o(i.__0vsprintf$6) refers to printf6.o(i._printf_core) for _printf_core
    printf6.o(i.__0vsprintf$6) refers to printf6.o(i._sputc) for _sputc
    printf6.o(i._printf_core) refers to printf6.o(i._printf_pre_padding) for _printf_pre_padding
    printf6.o(i._printf_core) refers to uidiv.o(.text) for __aeabi_uidivmod
    printf6.o(i._printf_core) refers to printf6.o(i._printf_post_padding) for _printf_post_padding
    printf7.o(i.__0fprintf$7) refers to printf7.o(i._printf_core) for _printf_core
    printf7.o(i.__0fprintf$7) refers to fputc.o(i.fputc) for fputc
    printf7.o(i.__0printf$7) refers to printf7.o(i._printf_core) for _printf_core
    printf7.o(i.__0printf$7) refers to fputc.o(i.fputc) for fputc
    printf7.o(i.__0printf$7) refers to stdout.o(.data) for __stdout
    printf7.o(i.__0snprintf$7) refers to printf7.o(i._printf_core) for _printf_core
    printf7.o(i.__0snprintf$7) refers to printf7.o(i._snputc) for _snputc
    printf7.o(i.__0sprintf$7) refers to printf7.o(i._printf_core) for _printf_core
    printf7.o(i.__0sprintf$7) refers to printf7.o(i._sputc) for _sputc
    printf7.o(i.__0vfprintf$7) refers to printf7.o(i._printf_core) for _printf_core
    printf7.o(i.__0vfprintf$7) refers to fputc.o(i.fputc) for fputc
    printf7.o(i.__0vprintf$7) refers to printf7.o(i._printf_core) for _printf_core
    printf7.o(i.__0vprintf$7) refers to fputc.o(i.fputc) for fputc
    printf7.o(i.__0vprintf$7) refers to stdout.o(.data) for __stdout
    printf7.o(i.__0vsnprintf$7) refers to printf7.o(i._printf_core) for _printf_core
    printf7.o(i.__0vsnprintf$7) refers to printf7.o(i._snputc) for _snputc
    printf7.o(i.__0vsprintf$7) refers to printf7.o(i._printf_core) for _printf_core
    printf7.o(i.__0vsprintf$7) refers to printf7.o(i._sputc) for _sputc
    printf7.o(i._printf_core) refers to printf7.o(i._printf_pre_padding) for _printf_pre_padding
    printf7.o(i._printf_core) refers to uldiv.o(.text) for __aeabi_uldivmod
    printf7.o(i._printf_core) refers to printf7.o(i._printf_post_padding) for _printf_post_padding
    printf8.o(i.__0fprintf$8) refers to printf8.o(i._printf_core) for _printf_core
    printf8.o(i.__0fprintf$8) refers to fputc.o(i.fputc) for fputc
    printf8.o(i.__0printf$8) refers to printf8.o(i._printf_core) for _printf_core
    printf8.o(i.__0printf$8) refers to fputc.o(i.fputc) for fputc
    printf8.o(i.__0printf$8) refers to stdout.o(.data) for __stdout
    printf8.o(i.__0snprintf$8) refers to printf8.o(i._printf_core) for _printf_core
    printf8.o(i.__0snprintf$8) refers to printf8.o(i._snputc) for _snputc
    printf8.o(i.__0sprintf$8) refers to printf8.o(i._printf_core) for _printf_core
    printf8.o(i.__0sprintf$8) refers to printf8.o(i._sputc) for _sputc
    printf8.o(i.__0vfprintf$8) refers to printf8.o(i._printf_core) for _printf_core
    printf8.o(i.__0vfprintf$8) refers to fputc.o(i.fputc) for fputc
    printf8.o(i.__0vprintf$8) refers to printf8.o(i._printf_core) for _printf_core
    printf8.o(i.__0vprintf$8) refers to fputc.o(i.fputc) for fputc
    printf8.o(i.__0vprintf$8) refers to stdout.o(.data) for __stdout
    printf8.o(i.__0vsnprintf$8) refers to printf8.o(i._printf_core) for _printf_core
    printf8.o(i.__0vsnprintf$8) refers to printf8.o(i._snputc) for _snputc
    printf8.o(i.__0vsprintf$8) refers to printf8.o(i._printf_core) for _printf_core
    printf8.o(i.__0vsprintf$8) refers to printf8.o(i._sputc) for _sputc
    printf8.o(i._printf_core) refers to printf8.o(i._printf_pre_padding) for _printf_pre_padding
    printf8.o(i._printf_core) refers to uldiv.o(.text) for __aeabi_uldivmod
    printf8.o(i._printf_core) refers to printf8.o(i._printf_post_padding) for _printf_post_padding
    printfa.o(i.__0fprintf) refers (Special) to iusefp.o(.text) for __I$use$fp
    printfa.o(i.__0fprintf) refers to printfa.o(i._printf_core) for _printf_core
    printfa.o(i.__0fprintf) refers to fputc.o(i.fputc) for fputc
    printfa.o(i.__0printf) refers (Special) to iusefp.o(.text) for __I$use$fp
    printfa.o(i.__0printf) refers to printfa.o(i._printf_core) for _printf_core
    printfa.o(i.__0printf) refers to fputc.o(i.fputc) for fputc
    printfa.o(i.__0printf) refers to stdout.o(.data) for __stdout
    printfa.o(i.__0snprintf) refers (Special) to iusefp.o(.text) for __I$use$fp
    printfa.o(i.__0snprintf) refers to printfa.o(i._printf_core) for _printf_core
    printfa.o(i.__0snprintf) refers to printfa.o(i._snputc) for _snputc
    printfa.o(i.__0sprintf) refers (Special) to iusefp.o(.text) for __I$use$fp
    printfa.o(i.__0sprintf) refers to printfa.o(i._printf_core) for _printf_core
    printfa.o(i.__0sprintf) refers to printfa.o(i._sputc) for _sputc
    printfa.o(i.__0vfprintf) refers (Special) to iusefp.o(.text) for __I$use$fp
    printfa.o(i.__0vfprintf) refers to printfa.o(i._printf_core) for _printf_core
    printfa.o(i.__0vfprintf) refers to fputc.o(i.fputc) for fputc
    printfa.o(i.__0vprintf) refers (Special) to iusefp.o(.text) for __I$use$fp
    printfa.o(i.__0vprintf) refers to printfa.o(i._printf_core) for _printf_core
    printfa.o(i.__0vprintf) refers to fputc.o(i.fputc) for fputc
    printfa.o(i.__0vprintf) refers to stdout.o(.data) for __stdout
    printfa.o(i.__0vsnprintf) refers (Special) to iusefp.o(.text) for __I$use$fp
    printfa.o(i.__0vsnprintf) refers to printfa.o(i._printf_core) for _printf_core
    printfa.o(i.__0vsnprintf) refers to printfa.o(i._snputc) for _snputc
    printfa.o(i.__0vsprintf) refers (Special) to iusefp.o(.text) for __I$use$fp
    printfa.o(i.__0vsprintf) refers to printfa.o(i._printf_core) for _printf_core
    printfa.o(i.__0vsprintf) refers to printfa.o(i._sputc) for _sputc
    printfa.o(i._fp_digits) refers (Special) to iusefp.o(.text) for __I$use$fp
    printfa.o(i._fp_digits) refers to dmul.o(.text) for __aeabi_dmul
    printfa.o(i._fp_digits) refers to ddiv.o(.text) for __aeabi_ddiv
    printfa.o(i._fp_digits) refers to cdrcmple.o(.text) for __aeabi_cdrcmple
    printfa.o(i._fp_digits) refers to dadd.o(.text) for __aeabi_dadd
    printfa.o(i._fp_digits) refers to dfixul.o(.text) for __aeabi_d2ulz
    printfa.o(i._fp_digits) refers to uldiv.o(.text) for __aeabi_uldivmod
    printfa.o(i._printf_core) refers (Special) to iusefp.o(.text) for __I$use$fp
    printfa.o(i._printf_core) refers to printfa.o(i._printf_pre_padding) for _printf_pre_padding
    printfa.o(i._printf_core) refers to uldiv.o(.text) for __aeabi_uldivmod
    printfa.o(i._printf_core) refers to printfa.o(i._printf_post_padding) for _printf_post_padding
    printfa.o(i._printf_core) refers to printfa.o(i._fp_digits) for _fp_digits
    printfa.o(i._printf_core) refers to uidiv.o(.text) for __aeabi_uidivmod
    printfa.o(i._printf_post_padding) refers (Special) to iusefp.o(.text) for __I$use$fp
    printfa.o(i._printf_pre_padding) refers (Special) to iusefp.o(.text) for __I$use$fp
    printfa.o(i._snputc) refers (Special) to iusefp.o(.text) for __I$use$fp
    printfa.o(i._sputc) refers (Special) to iusefp.o(.text) for __I$use$fp
    entry2.o(.ARM.Collect$$$$00000001) refers to entry2.o(.ARM.Collect$$$$00002712) for __lit__00000000
    entry2.o(.ARM.Collect$$$$00002712) refers to startup_lpc17xx.o(STACK) for __initial_sp
    entry2.o(__vectab_stack_and_reset_area) refers to startup_lpc17xx.o(STACK) for __initial_sp
    entry2.o(__vectab_stack_and_reset_area) refers to entry.o(.ARM.Collect$$$$00000000) for __main
    entry5.o(.ARM.Collect$$$$00000004) refers to init.o(.text) for __scatterload
    entry9a.o(.ARM.Collect$$$$0000000B) refers to main.o(i.main) for main
    entry9b.o(.ARM.Collect$$$$0000000C) refers to main.o(i.main) for main
    fputc.o(i.fputc) refers (Special) to iusesemip.o(.text) for __I$use$semihosting$fputc
    fputc.o(i.fputc) refers (Special) to semi.o(.text) for __semihosting_library_function
    dadd.o(.text) refers to llshl.o(.text) for __aeabi_llsl
    dadd.o(.text) refers to llsshr.o(.text) for __aeabi_lasr
    dadd.o(.text) refers to depilogue.o(.text) for _double_epilogue
    dmul.o(.text) refers to depilogue.o(.text) for _double_epilogue
    ddiv.o(.text) refers to depilogue.o(.text) for _double_round
    dfixul.o(.text) refers to llushr.o(.text) for __aeabi_llsr
    dfixul.o(.text) refers to llshl.o(.text) for __aeabi_llsl
    init.o(.text) refers to entry5.o(.ARM.Collect$$$$00000004) for __main_after_scatterload
    depilogue.o(.text) refers to llshl.o(.text) for __aeabi_llsl
    depilogue.o(.text) refers to llushr.o(.text) for __aeabi_llsr


==============================================================================

Removing Unused input sections from the image.

    Removing kbd.o(.rev16_text), (4 bytes).
    Removing kbd.o(.revsh_text), (4 bytes).
    Removing kbd.o(.rrx_text), (6 bytes).
    Removing kbd.o(i.KBD_get), (16 bytes).
    Removing kbd.o(i.get_button), (20 bytes).
    Removing kbd.o(.data), (4 bytes).
    Removing glcd_spi_lpc1700.o(.rev16_text), (4 bytes).
    Removing glcd_spi_lpc1700.o(.revsh_text), (4 bytes).
    Removing glcd_spi_lpc1700.o(.rrx_text), (6 bytes).
    Removing glcd_spi_lpc1700.o(i.GLCD_Bitmap), (82 bytes).
    Removing glcd_spi_lpc1700.o(i.GLCD_ScrollVertical), (2 bytes).
    Removing glcd_spi_lpc1700.o(i.GLCD_WrCmd), (12 bytes).
    Removing glcd_spi_lpc1700.o(i.GLCD_WrReg), (16 bytes).
    Removing main.o(.rev16_text), (4 bytes).
    Removing main.o(.revsh_text), (4 bytes).
    Removing main.o(.rrx_text), (6 bytes).
    Removing usbhw.o(.rev16_text), (4 bytes).
    Removing usbhw.o(.revsh_text), (4 bytes).
    Removing usbhw.o(.rrx_text), (6 bytes).
    Removing usbhw.o(i.USB_ClearEPBuf), (20 bytes).
    Removing usbhw.o(i.USB_DMA_BufCnt), (36 bytes).
    Removing usbhw.o(i.USB_DMA_Disable), (24 bytes).
    Removing usbhw.o(i.USB_DMA_Status), (80 bytes).
    Removing usbhw.o(i.USB_GetFrame), (40 bytes).
    Removing usbhw.o(i.USB_WakeUp), (36 bytes).
    Removing usbuser.o(i.USB_EndPoint1), (2 bytes).
    Removing usbuser.o(i.USB_EndPoint10), (2 bytes).
    Removing usbuser.o(i.USB_EndPoint11), (2 bytes).
    Removing usbuser.o(i.USB_EndPoint12), (2 bytes).
    Removing usbuser.o(i.USB_EndPoint13), (2 bytes).
    Removing usbuser.o(i.USB_EndPoint14), (2 bytes).
    Removing usbuser.o(i.USB_EndPoint15), (2 bytes).
    Removing usbuser.o(i.USB_EndPoint2), (2 bytes).
    Removing usbuser.o(i.USB_EndPoint4), (2 bytes).
    Removing usbuser.o(i.USB_EndPoint5), (2 bytes).
    Removing usbuser.o(i.USB_EndPoint6), (2 bytes).
    Removing usbuser.o(i.USB_EndPoint7), (2 bytes).
    Removing usbuser.o(i.USB_EndPoint8), (2 bytes).
    Removing usbuser.o(i.USB_EndPoint9), (2 bytes).
    Removing adcuser.o(.constdata), (6 bytes).
    Removing adc_mcb1700.o(.rev16_text), (4 bytes).
    Removing adc_mcb1700.o(.revsh_text), (4 bytes).
    Removing adc_mcb1700.o(.rrx_text), (6 bytes).
    Removing adc_mcb1700.o(i.ADC_ConversionDone), (20 bytes).
    Removing adc_mcb1700.o(i.ADC_GetResolution), (4 bytes).
    Removing adc_mcb1700.o(i.ADC_GetValue), (32 bytes).
    Removing adc_mcb1700.o(i.ADC_Initialize), (104 bytes).
    Removing adc_mcb1700.o(i.ADC_StartConversion), (32 bytes).
    Removing adc_mcb1700.o(i.ADC_Uninitialize), (124 bytes).
    Removing adc_mcb1700.o(.constdata), (2 bytes).
    Removing led_mcb1700.o(.rev16_text), (4 bytes).
    Removing led_mcb1700.o(.revsh_text), (4 bytes).
    Removing led_mcb1700.o(.rrx_text), (6 bytes).
    Removing led_mcb1700.o(i.LED_GetCount), (4 bytes).
    Removing led_mcb1700.o(i.LED_Off), (44 bytes).
    Removing led_mcb1700.o(i.LED_On), (44 bytes).
    Removing led_mcb1700.o(i.LED_SetOut), (40 bytes).
    Removing led_mcb1700.o(i.LED_Uninitialize), (48 bytes).
    Removing eventrecorder.o(.rev16_text), (4 bytes).
    Removing eventrecorder.o(.revsh_text), (4 bytes).
    Removing eventrecorder.o(.rrx_text), (6 bytes).
    Removing eventrecorder.o(.emb_text), (132 bytes).
    Removing eventrecorder.o(i.EventCheckFilter), (40 bytes).
    Removing eventrecorder.o(i.EventGetTS), (88 bytes).
    Removing eventrecorder.o(i.EventRecord2), (70 bytes).
    Removing eventrecorder.o(i.EventRecord4), (118 bytes).
    Removing eventrecorder.o(i.EventRecordData), (278 bytes).
    Removing eventrecorder.o(i.EventRecordItem), (216 bytes).
    Removing eventrecorder.o(i.EventRecorderClockUpdate), (44 bytes).
    Removing eventrecorder.o(i.EventRecorderDisable), (92 bytes).
    Removing eventrecorder.o(i.EventRecorderEnable), (92 bytes).
    Removing eventrecorder.o(i.EventRecorderInitialize), (304 bytes).
    Removing eventrecorder.o(i.EventRecorderStart), (48 bytes).
    Removing eventrecorder.o(i.EventRecorderStop), (48 bytes).
    Removing eventrecorder.o(i.EventRecorderTimerGetCount), (12 bytes).
    Removing eventrecorder.o(i.EventRecorderTimerGetFreq), (12 bytes).
    Removing eventrecorder.o(i.EventRecorderTimerSetup), (36 bytes).
    Removing eventrecorder.o(i.GetContext), (16 bytes).
    Removing eventrecorder.o(i.crc16_ccitt), (66 bytes).
    Removing eventrecorder.o(.data), (1 bytes).
    Removing gpio_lpc17xx.o(.rev16_text), (4 bytes).
    Removing gpio_lpc17xx.o(.revsh_text), (4 bytes).
    Removing gpio_lpc17xx.o(.rrx_text), (6 bytes).
    Removing gpio_lpc17xx.o(i.GPIO_PinRead), (32 bytes).
    Removing gpio_lpc17xx.o(i.GPIO_PortRead), (20 bytes).
    Removing gpio_lpc17xx.o(i.GPIO_PortWrite), (32 bytes).
    Removing pin_lpc17xx.o(.rev16_text), (4 bytes).
    Removing pin_lpc17xx.o(.revsh_text), (4 bytes).
    Removing pin_lpc17xx.o(.rrx_text), (6 bytes).
    Removing pin_lpc17xx.o(i.PIN_ConfigureI2C0Pins), (32 bytes).
    Removing pin_lpc17xx.o(i.PIN_ConfigureTPIU), (40 bytes).
    Removing startup_lpc17xx.o(HEAP), (0 bytes).
    Removing system_lpc17xx.o(.rev16_text), (4 bytes).
    Removing system_lpc17xx.o(.revsh_text), (4 bytes).
    Removing system_lpc17xx.o(.rrx_text), (6 bytes).
    Removing system_lpc17xx.o(i.SystemCoreClockUpdate), (424 bytes).
    Removing dadd.o(.text), (334 bytes).
    Removing dmul.o(.text), (228 bytes).
    Removing ddiv.o(.text), (222 bytes).
    Removing dfixul.o(.text), (48 bytes).
    Removing cdrcmple.o(.text), (48 bytes).
    Removing depilogue.o(.text), (186 bytes).

102 unused section(s) (total 4419 bytes) removed from the image.

==============================================================================

Image Symbol Table

    Local Symbols

    Symbol Name                              Value     Ov Type        Size  Object(Section)

    RESET                                    0x00000000   Section      204  startup_lpc17xx.o(RESET)
    ../clib/microlib/division.c              0x00000000   Number         0  uidiv.o ABSOLUTE
    ../clib/microlib/division.c              0x00000000   Number         0  uldiv.o ABSOLUTE
    ../clib/microlib/init/entry.s            0x00000000   Number         0  entry8b.o ABSOLUTE
    ../clib/microlib/init/entry.s            0x00000000   Number         0  entry9a.o ABSOLUTE
    ../clib/microlib/init/entry.s            0x00000000   Number         0  entry7b.o ABSOLUTE
    ../clib/microlib/init/entry.s            0x00000000   Number         0  entry8a.o ABSOLUTE
    ../clib/microlib/init/entry.s            0x00000000   Number         0  entry9b.o ABSOLUTE
    ../clib/microlib/init/entry.s            0x00000000   Number         0  entry11a.o ABSOLUTE
    ../clib/microlib/init/entry.s            0x00000000   Number         0  entry7a.o ABSOLUTE
    ../clib/microlib/init/entry.s            0x00000000   Number         0  entry12b.o ABSOLUTE
    ../clib/microlib/init/entry.s            0x00000000   Number         0  entry11b.o ABSOLUTE
    ../clib/microlib/init/entry.s            0x00000000   Number         0  entry2.o ABSOLUTE
    ../clib/microlib/init/entry.s            0x00000000   Number         0  entry5.o ABSOLUTE
    ../clib/microlib/init/entry.s            0x00000000   Number         0  entry12a.o ABSOLUTE
    ../clib/microlib/init/entry.s            0x00000000   Number         0  entry.o ABSOLUTE
    ../clib/microlib/init/entry.s            0x00000000   Number         0  entry10b.o ABSOLUTE
    ../clib/microlib/init/entry.s            0x00000000   Number         0  entry10a.o ABSOLUTE
    ../clib/microlib/longlong.c              0x00000000   Number         0  llshl.o ABSOLUTE
    ../clib/microlib/longlong.c              0x00000000   Number         0  llsshr.o ABSOLUTE
    ../clib/microlib/longlong.c              0x00000000   Number         0  llushr.o ABSOLUTE
    ../clib/microlib/printf/printf.c         0x00000000   Number         0  printf1.o ABSOLUTE
    ../clib/microlib/printf/printf.c         0x00000000   Number         0  printf7.o ABSOLUTE
    ../clib/microlib/printf/printf.c         0x00000000   Number         0  printfa.o ABSOLUTE
    ../clib/microlib/printf/printf.c         0x00000000   Number         0  printf6.o ABSOLUTE
    ../clib/microlib/printf/printf.c         0x00000000   Number         0  printf0.o ABSOLUTE
    ../clib/microlib/printf/printf.c         0x00000000   Number         0  printf5.o ABSOLUTE
    ../clib/microlib/printf/printf.c         0x00000000   Number         0  printf8.o ABSOLUTE
    ../clib/microlib/printf/printf.c         0x00000000   Number         0  printf2.o ABSOLUTE
    ../clib/microlib/printf/printf.c         0x00000000   Number         0  printf4.o ABSOLUTE
    ../clib/microlib/printf/printf.c         0x00000000   Number         0  printf3.o ABSOLUTE
    ../clib/microlib/printf/printf.c         0x00000000   Number         0  printfb.o ABSOLUTE
    ../clib/microlib/printf/stubs.s          0x00000000   Number         0  stubs.o ABSOLUTE
    ../clib/microlib/stdio/fputc.c           0x00000000   Number         0  fputc.o ABSOLUTE
    ../clib/microlib/stdio/semi.s            0x00000000   Number         0  semi.o ABSOLUTE
    ../clib/microlib/stdio/streams.c         0x00000000   Number         0  stdout.o ABSOLUTE
    ../clib/microlib/string/memcpy.c         0x00000000   Number         0  memcpya.o ABSOLUTE
    ../clib/microlib/string/memcpy.c         0x00000000   Number         0  memcpyb.o ABSOLUTE
    ../clib/microlib/string/memset.c         0x00000000   Number         0  memseta.o ABSOLUTE
    ../clib/microlib/stubs.s                 0x00000000   Number         0  iusefp.o ABSOLUTE
    ../clib/microlib/stubs.s                 0x00000000   Number         0  iusesemip.o ABSOLUTE
    ../fplib/microlib/fpadd.c                0x00000000   Number         0  dadd.o ABSOLUTE
    ../fplib/microlib/fpdiv.c                0x00000000   Number         0  ddiv.o ABSOLUTE
    ../fplib/microlib/fpepilogue.c           0x00000000   Number         0  depilogue.o ABSOLUTE
    ../fplib/microlib/fpfix.c                0x00000000   Number         0  dfixul.o ABSOLUTE
    ../fplib/microlib/fpmul.c                0x00000000   Number         0  dmul.o ABSOLUTE
    C:\Users\arman\AppData\Local\Arm\Packs\Keil\ARM_Compiler\1.7.2\Source\EventRecorder.c 0x00000000   Number         0  eventrecorder.o ABSOLUTE
    C:\Users\arman\AppData\Local\Arm\Packs\Keil\LPC1700_DFP\2.7.2\Boards\Keil\MCB1700\Common\ADC_MCB1700.c 0x00000000   Number         0  adc_mcb1700.o ABSOLUTE
    C:\Users\arman\AppData\Local\Arm\Packs\Keil\LPC1700_DFP\2.7.2\Boards\Keil\MCB1700\Common\LED_MCB1700.c 0x00000000   Number         0  led_mcb1700.o ABSOLUTE
    C:\Users\arman\AppData\Local\Arm\Packs\Keil\LPC1700_DFP\2.7.2\RTE_Driver\GPIO_LPC17xx.c 0x00000000   Number         0  gpio_lpc17xx.o ABSOLUTE
    C:\Users\arman\AppData\Local\Arm\Packs\Keil\LPC1700_DFP\2.7.2\RTE_Driver\PIN_LPC17xx.c 0x00000000   Number         0  pin_lpc17xx.o ABSOLUTE
    C:\\Users\\arman\\AppData\\Local\\Arm\\Packs\\Keil\\ARM_Compiler\\1.7.2\\Source\\EventRecorder.c 0x00000000   Number         0  eventrecorder.o ABSOLUTE
    C:\\Users\\arman\\AppData\\Local\\Arm\\Packs\\Keil\\LPC1700_DFP\\2.7.2\\Boards\\Keil\\MCB1700\\Common\\ADC_MCB1700.c 0x00000000   Number         0  adc_mcb1700.o ABSOLUTE
    C:\\Users\\arman\\AppData\\Local\\Arm\\Packs\\Keil\\LPC1700_DFP\\2.7.2\\Boards\\Keil\\MCB1700\\Common\\LED_MCB1700.c 0x00000000   Number         0  led_mcb1700.o ABSOLUTE
    C:\\Users\\arman\\AppData\\Local\\Arm\\Packs\\Keil\\LPC1700_DFP\\2.7.2\\RTE_Driver\\GPIO_LPC17xx.c 0x00000000   Number         0  gpio_lpc17xx.o ABSOLUTE
    C:\\Users\\arman\\AppData\\Local\\Arm\\Packs\\Keil\\LPC1700_DFP\\2.7.2\\RTE_Driver\\PIN_LPC17xx.c 0x00000000   Number         0  pin_lpc17xx.o ABSOLUTE
    GLCD_SPI_LPC1700.c                       0x00000000   Number         0  glcd_spi_lpc1700.o ABSOLUTE
    GLCD_SPI_LPC1700.c                       0x00000000   Number         0  glcd_spi_lpc1700.o ABSOLUTE
    KBD.c                                    0x00000000   Number         0  kbd.o ABSOLUTE
    KBD.c                                    0x00000000   Number         0  kbd.o ABSOLUTE
    RTE\Device\LPC1768\startup_LPC17xx.s     0x00000000   Number         0  startup_lpc17xx.o ABSOLUTE
    RTE\Device\LPC1768\system_LPC17xx.c      0x00000000   Number         0  system_lpc17xx.o ABSOLUTE
    RTE\\Device\\LPC1768\\system_LPC17xx.c   0x00000000   Number         0  system_lpc17xx.o ABSOLUTE
    adcuser.c                                0x00000000   Number         0  adcuser.o ABSOLUTE
    cdrcmple.s                               0x00000000   Number         0  cdrcmple.o ABSOLUTE
    dc.s                                     0x00000000   Number         0  dc.o ABSOLUTE
    handlers.s                               0x00000000   Number         0  handlers.o ABSOLUTE
    init.s                                   0x00000000   Number         0  init.o ABSOLUTE
    main.c                                   0x00000000   Number         0  main.o ABSOLUTE
    main.c                                   0x00000000   Number         0  main.o ABSOLUTE
    usbcore.c                                0x00000000   Number         0  usbcore.o ABSOLUTE
    usbdesc.c                                0x00000000   Number         0  usbdesc.o ABSOLUTE
    usbhw.c                                  0x00000000   Number         0  usbhw.o ABSOLUTE
    usbhw.c                                  0x00000000   Number         0  usbhw.o ABSOLUTE
    usbuser.c                                0x00000000   Number         0  usbuser.o ABSOLUTE
    .ARM.Collect$$$$00000000                 0x000000cc   Section        0  entry.o(.ARM.Collect$$$$00000000)
    .ARM.Collect$$$$00000001                 0x000000cc   Section        4  entry2.o(.ARM.Collect$$$$00000001)
    .ARM.Collect$$$$00000004                 0x000000d0   Section        4  entry5.o(.ARM.Collect$$$$00000004)
    .ARM.Collect$$$$00000008                 0x000000d4   Section        0  entry7b.o(.ARM.Collect$$$$00000008)
    .ARM.Collect$$$$0000000A                 0x000000d4   Section        0  entry8b.o(.ARM.Collect$$$$0000000A)
    .ARM.Collect$$$$0000000B                 0x000000d4   Section        8  entry9a.o(.ARM.Collect$$$$0000000B)
    .ARM.Collect$$$$0000000E                 0x000000dc   Section        4  entry12b.o(.ARM.Collect$$$$0000000E)
    .ARM.Collect$$$$0000000F                 0x000000e0   Section        0  entry10a.o(.ARM.Collect$$$$0000000F)
    .ARM.Collect$$$$00000011                 0x000000e0   Section        0  entry11a.o(.ARM.Collect$$$$00000011)
    .ARM.Collect$$$$00002712                 0x000000e0   Section        4  entry2.o(.ARM.Collect$$$$00002712)
    __lit__00000000                          0x000000e0   Data           4  entry2.o(.ARM.Collect$$$$00002712)
    .text                                    0x000000e4   Section       36  startup_lpc17xx.o(.text)
    .text                                    0x00000108   Section        0  uidiv.o(.text)
    .text                                    0x00000134   Section       36  init.o(.text)
    i.ADC_EP_GetRequest                      0x00000158   Section        0  adcuser.o(i.ADC_EP_GetRequest)
    i.ADC_EP_SetRequest                      0x0000015c   Section        0  adcuser.o(i.ADC_EP_SetRequest)
    i.ADC_IF_GetRequest                      0x00000160   Section        0  adcuser.o(i.ADC_IF_GetRequest)
    i.ADC_IF_SetRequest                      0x000001f0   Section        0  adcuser.o(i.ADC_IF_SetRequest)
    i.ADC_IRQHandler                         0x00000250   Section        0  adc_mcb1700.o(i.ADC_IRQHandler)
    i.EPAdr                                  0x00000278   Section        0  usbhw.o(i.EPAdr)
    i.GLCD_Bargraph                          0x00000288   Section        0  glcd_spi_lpc1700.o(i.GLCD_Bargraph)
    i.GLCD_SetBackColor                      0x000002f0   Section        0  glcd_spi_lpc1700.o(i.GLCD_SetBackColor)
    .ARM.__at_0x02FC                         0x000002fc   Section        4  startup_lpc17xx.o(.ARM.__at_0x02FC)
    i.GLCD_Clear                             0x00000300   Section        0  glcd_spi_lpc1700.o(i.GLCD_Clear)
    i.GLCD_ClearLn                           0x0000032a   Section        0  glcd_spi_lpc1700.o(i.GLCD_ClearLn)
    i.GLCD_DisplayChar                       0x00000388   Section        0  glcd_spi_lpc1700.o(i.GLCD_DisplayChar)
    i.GLCD_DisplayString                     0x000003e4   Section        0  glcd_spi_lpc1700.o(i.GLCD_DisplayString)
    i.GLCD_DrawChar                          0x0000040c   Section        0  glcd_spi_lpc1700.o(i.GLCD_DrawChar)
    i.GLCD_Init                              0x000004a8   Section        0  glcd_spi_lpc1700.o(i.GLCD_Init)
    i.GLCD_PutPixel                          0x00000a90   Section        0  glcd_spi_lpc1700.o(i.GLCD_PutPixel)
    i.GLCD_SetTextColor                      0x00000b10   Section        0  glcd_spi_lpc1700.o(i.GLCD_SetTextColor)
    i.GLCD_SetWindow                         0x00000b1c   Section        0  glcd_spi_lpc1700.o(i.GLCD_SetWindow)
    i.GLCD_WindowMax                         0x00000bc8   Section        0  glcd_spi_lpc1700.o(i.GLCD_WindowMax)
    i.GPIO_PinWrite                          0x00000bdc   Section        0  gpio_lpc17xx.o(i.GPIO_PinWrite)
    i.GPIO_PortClock                         0x00000c04   Section        0  gpio_lpc17xx.o(i.GPIO_PortClock)
    i.GPIO_SetDir                            0x00000c30   Section        0  gpio_lpc17xx.o(i.GPIO_SetDir)
    i.Gallery                                0x00000c68   Section        0  main.o(i.Gallery)
    Gallery                                  0x00000c69   Thumb Code   144  main.o(i.Gallery)
    i.KBD_GetKeys                            0x00000d00   Section        0  kbd.o(i.KBD_GetKeys)
    i.KBD_Init                               0x00000d40   Section        0  kbd.o(i.KBD_Init)
    i.LED_Initialize                         0x00000d7c   Section        0  led_mcb1700.o(i.LED_Initialize)
    i.PIN_Configure                          0x00000dd8   Section        0  pin_lpc17xx.o(i.PIN_Configure)
    i.RdCmdDat                               0x00000ed4   Section        0  usbhw.o(i.RdCmdDat)
    i.SystemClockUpdate                      0x00000f04   Section        0  system_lpc17xx.o(i.SystemClockUpdate)
    i.SystemInit                             0x00001044   Section        0  system_lpc17xx.o(i.SystemInit)
    i.TIMER0_IRQHandler                      0x00001184   Section        0  main.o(i.TIMER0_IRQHandler)
    i.USB_ClrStallEP                         0x000012e0   Section        0  usbhw.o(i.USB_ClrStallEP)
    i.USB_ConfigEP                           0x00001300   Section        0  usbhw.o(i.USB_ConfigEP)
    i.USB_Configure                          0x0000134c   Section        0  usbhw.o(i.USB_Configure)
    i.USB_Connect                            0x00001390   Section        0  usbhw.o(i.USB_Connect)
    i.USB_DMA_BufAdr                         0x000013b0   Section        0  usbhw.o(i.USB_DMA_BufAdr)
    i.USB_DMA_Enable                         0x000013d4   Section        0  usbhw.o(i.USB_DMA_Enable)
    i.USB_DMA_Setup                          0x000013ec   Section        0  usbhw.o(i.USB_DMA_Setup)
    i.USB_DataInStage                        0x000014f8   Section        0  usbcore.o(i.USB_DataInStage)
    i.USB_DataOutStage                       0x00001530   Section        0  usbcore.o(i.USB_DataOutStage)
    i.USB_DirCtrlEP                          0x00001558   Section        0  usbhw.o(i.USB_DirCtrlEP)
    i.USB_DisableEP                          0x0000155c   Section        0  usbhw.o(i.USB_DisableEP)
    i.USB_EnableEP                           0x00001580   Section        0  usbhw.o(i.USB_EnableEP)
    i.USB_EndPoint0                          0x000015a0   Section        0  usbcore.o(i.USB_EndPoint0)
    i.USB_EndPoint3                          0x000018d0   Section        0  usbuser.o(i.USB_EndPoint3)
    i.USB_IRQHandler                         0x00001988   Section        0  usbhw.o(i.USB_IRQHandler)
    i.USB_Init                               0x00001ba4   Section        0  usbhw.o(i.USB_Init)
    i.USB_ReadEP                             0x00001c54   Section        0  usbhw.o(i.USB_ReadEP)
    i.USB_ReqGetDescriptor                   0x00001cc0   Section        0  usbcore.o(i.USB_ReqGetDescriptor)
    i.USB_ReqGetStatus                       0x00001d78   Section        0  usbcore.o(i.USB_ReqGetStatus)
    i.USB_ReqSetClrFeature                   0x00001e38   Section        0  usbcore.o(i.USB_ReqSetClrFeature)
    i.USB_ReqSetConfiguration                0x00001f24   Section        0  usbcore.o(i.USB_ReqSetConfiguration)
    i.USB_ReqSetInterface                    0x000020dc   Section        0  usbcore.o(i.USB_ReqSetInterface)
    i.USB_Reset                              0x0000220c   Section        0  usbhw.o(i.USB_Reset)
    i.USB_ResetCore                          0x000022d0   Section        0  usbcore.o(i.USB_ResetCore)
    i.USB_ResetEP                            0x0000230c   Section        0  usbhw.o(i.USB_ResetEP)
    i.USB_Reset_Event                        0x0000232c   Section        0  usbuser.o(i.USB_Reset_Event)
    i.USB_Resume                             0x00002334   Section        0  usbhw.o(i.USB_Resume)
    i.USB_SOF_Event                          0x00002336   Section        0  usbuser.o(i.USB_SOF_Event)
    i.USB_SetAddress                         0x00002338   Section        0  usbhw.o(i.USB_SetAddress)
    i.USB_SetStallEP                         0x00002368   Section        0  usbhw.o(i.USB_SetStallEP)
    i.USB_SetupStage                         0x0000238c   Section        0  usbcore.o(i.USB_SetupStage)
    i.USB_StatusInStage                      0x0000239c   Section        0  usbcore.o(i.USB_StatusInStage)
    i.USB_StatusOutStage                     0x000023ac   Section        0  usbcore.o(i.USB_StatusOutStage)
    i.USB_Suspend                            0x000023bc   Section        0  usbhw.o(i.USB_Suspend)
    i.USB_WakeUpCfg                          0x000023be   Section        0  usbhw.o(i.USB_WakeUpCfg)
    i.USB_WriteEP                            0x000023c0   Section        0  usbhw.o(i.USB_WriteEP)
    i.WrCmd                                  0x00002414   Section        0  usbhw.o(i.WrCmd)
    i.WrCmdDat                               0x0000243c   Section        0  usbhw.o(i.WrCmdDat)
    i.WrCmdEP                                0x00002480   Section        0  usbhw.o(i.WrCmdEP)
    i.__0sprintf$6                           0x000024d8   Section        0  printf6.o(i.__0sprintf$6)
    i.__NVIC_DisableIRQ                      0x00002500   Section        0  main.o(i.__NVIC_DisableIRQ)
    __NVIC_DisableIRQ                        0x00002501   Thumb Code    54  main.o(i.__NVIC_DisableIRQ)
    i.__scatterload_copy                     0x0000253c   Section       14  handlers.o(i.__scatterload_copy)
    i.__scatterload_null                     0x0000254a   Section        2  handlers.o(i.__scatterload_null)
    i.__scatterload_zeroinit                 0x0000254c   Section       14  handlers.o(i.__scatterload_zeroinit)
    i._printf_core                           0x0000255c   Section        0  printf6.o(i._printf_core)
    _printf_core                             0x0000255d   Thumb Code   748  printf6.o(i._printf_core)
    i._printf_post_padding                   0x0000284c   Section        0  printf6.o(i._printf_post_padding)
    _printf_post_padding                     0x0000284d   Thumb Code    36  printf6.o(i._printf_post_padding)
    i._printf_pre_padding                    0x00002870   Section        0  printf6.o(i._printf_pre_padding)
    _printf_pre_padding                      0x00002871   Thumb Code    46  printf6.o(i._printf_pre_padding)
    i._sputc                                 0x0000289e   Section        0  printf6.o(i._sputc)
    _sputc                                   0x0000289f   Thumb Code    10  printf6.o(i._sputc)
    i.delay                                  0x000028a8   Section        0  glcd_spi_lpc1700.o(i.delay)
    delay                                    0x000028a9   Thumb Code    14  glcd_spi_lpc1700.o(i.delay)
    i.draw_stub_image                        0x000028b6   Section        0  main.o(i.draw_stub_image)
    draw_stub_image                          0x000028b7   Thumb Code    78  main.o(i.draw_stub_image)
    i.gallery_draw_current                   0x00002904   Section        0  main.o(i.gallery_draw_current)
    gallery_draw_current                     0x00002905   Thumb Code    50  main.o(i.gallery_draw_current)
    i.get_potval                             0x00002984   Section        0  main.o(i.get_potval)
    get_potval                               0x00002985   Thumb Code    58  main.o(i.get_potval)
    i.initMenu                               0x000029c8   Section        0  main.o(i.initMenu)
    initMenu                                 0x000029c9   Thumb Code    52  main.o(i.initMenu)
    i.main                                   0x00002a0c   Section        0  main.o(i.main)
    i.media_update_volume_ui                 0x00002a9c   Section        0  main.o(i.media_update_volume_ui)
    media_update_volume_ui                   0x00002a9d   Thumb Code   102  main.o(i.media_update_volume_ui)
    i.rd_id_man                              0x00002b50   Section        0  glcd_spi_lpc1700.o(i.rd_id_man)
    rd_id_man                                0x00002b51   Thumb Code   132  glcd_spi_lpc1700.o(i.rd_id_man)
    i.rd_reg                                 0x00002bdc   Section        0  glcd_spi_lpc1700.o(i.rd_reg)
    rd_reg                                   0x00002bdd   Thumb Code    66  glcd_spi_lpc1700.o(i.rd_reg)
    i.runMenu                                0x00002c24   Section        0  main.o(i.runMenu)
    runMenu                                  0x00002c25   Thumb Code   162  main.o(i.runMenu)
    i.runMusicPlayer                         0x00002cdc   Section        0  main.o(i.runMusicPlayer)
    runMusicPlayer                           0x00002cdd   Thumb Code   286  main.o(i.runMusicPlayer)
    i.selectMenu                             0x00002e4c   Section        0  main.o(i.selectMenu)
    selectMenu                               0x00002e4d   Thumb Code    74  main.o(i.selectMenu)
    i.spi_tran                               0x00002ec8   Section        0  glcd_spi_lpc1700.o(i.spi_tran)
    spi_tran                                 0x00002ec9   Thumb Code    28  glcd_spi_lpc1700.o(i.spi_tran)
    i.spi_tran_man                           0x00002ee8   Section        0  glcd_spi_lpc1700.o(i.spi_tran_man)
    spi_tran_man                             0x00002ee9   Thumb Code   124  glcd_spi_lpc1700.o(i.spi_tran_man)
    i.ui_header                              0x00002f68   Section        0  main.o(i.ui_header)
    ui_header                                0x00002f69   Thumb Code    54  main.o(i.ui_header)
    i.wr_cmd                                 0x00002fa0   Section        0  glcd_spi_lpc1700.o(i.wr_cmd)
    wr_cmd                                   0x00002fa1   Thumb Code    36  glcd_spi_lpc1700.o(i.wr_cmd)
    i.wr_dat                                 0x00002fc8   Section        0  glcd_spi_lpc1700.o(i.wr_dat)
    wr_dat                                   0x00002fc9   Thumb Code    36  glcd_spi_lpc1700.o(i.wr_dat)
    i.wr_dat_only                            0x00002ff0   Section        0  glcd_spi_lpc1700.o(i.wr_dat_only)
    wr_dat_only                              0x00002ff1   Thumb Code    18  glcd_spi_lpc1700.o(i.wr_dat_only)
    i.wr_dat_start                           0x00003004   Section        0  glcd_spi_lpc1700.o(i.wr_dat_start)
    wr_dat_start                             0x00003005   Thumb Code    16  glcd_spi_lpc1700.o(i.wr_dat_start)
    i.wr_dat_stop                            0x00003018   Section        0  glcd_spi_lpc1700.o(i.wr_dat_stop)
    wr_dat_stop                              0x00003019   Thumb Code     8  glcd_spi_lpc1700.o(i.wr_dat_stop)
    i.wr_reg                                 0x00003024   Section        0  glcd_spi_lpc1700.o(i.wr_reg)
    wr_reg                                   0x00003025   Thumb Code    20  glcd_spi_lpc1700.o(i.wr_reg)
    .constdata                               0x00003038   Section     6272  glcd_spi_lpc1700.o(.constdata)
    .constdata                               0x000048b8   Section      228  usbdesc.o(.constdata)
    .constdata                               0x0000499c   Section       16  usbhw.o(.constdata)
    .constdata                               0x000049ac   Section       64  usbuser.o(.constdata)
    .constdata                               0x000049ec   Section       16  led_mcb1700.o(.constdata)
    LED_PIN                                  0x000049ec   Data          16  led_mcb1700.o(.constdata)
    .constdata                               0x000049fc   Section       24  eventrecorder.o(.constdata)
    __tagsym$$used                           0x000049fc   Number         0  eventrecorder.o(.constdata)
    .data                                    0x10000000   Section       45  main.o(.data)
    gallery_index                            0x10000000   Data           4  main.o(.data)
    gallery_count                            0x10000004   Data           4  main.o(.data)
    quit                                     0x10000010   Data           1  main.o(.data)
    s_last_vol                               0x1000002c   Data           1  main.o(.data)
    .data                                    0x10000030   Section       40  usbcore.o(.data)
    .bss.noinit                              0x10000080   Section     1188  eventrecorder.o(.bss.noinit)
    EventBuffer                              0x10000080   Data        1024  eventrecorder.o(.bss.noinit)
    EventFilter                              0x10000480   Data         128  eventrecorder.o(.bss.noinit)
    EventStatus                              0x10000500   Data          36  eventrecorder.o(.bss.noinit)
    .data                                    0x2007c000   Section        5  glcd_spi_lpc1700.o(.data)
    Color                                    0x2007c000   Data           4  glcd_spi_lpc1700.o(.data)
    Himax                                    0x2007c004   Data           1  glcd_spi_lpc1700.o(.data)
    .data                                    0x2007c008   Section        8  usbhw.o(.data)
    .data                                    0x2007c010   Section        2  adcuser.o(.data)
    .data                                    0x2007c012   Section        3  adc_mcb1700.o(.data)
    AD_last                                  0x2007c012   Data           2  adc_mcb1700.o(.data)
    AD_done                                  0x2007c014   Data           1  adc_mcb1700.o(.data)
    .data                                    0x2007c018   Section        8  system_lpc17xx.o(.data)
    .bss                                     0x2007c020   Section       64  usbcore.o(.bss)
    .bss                                     0x2007c060   Section      128  usbhw.o(.bss)
    STACK                                    0x2007c0e0   Section      512  startup_lpc17xx.o(STACK)
    USB_RAM                                  0x2007c2e0   Section      544  usbhw.o(USB_RAM)

    Global Symbols

    Symbol Name                              Value     Ov Type        Size  Object(Section)

    BuildAttributes$$THM_ISAv4$P$D$K$B$S$PE$A:L22UL41UL21$X:L11$S22US41US21$IEEE1$IW$USESV6$~STKCKD$USESV7$~SHL$OSPACE$ROPI$EBA8$MICROLIB$REQ8$PRES8$EABIv2 0x00000000   Number         0  anon$$obj.o ABSOLUTE
    __ARM_use_no_argv                        0x00000000   Number         0  main.o ABSOLUTE
    __Vectors                                0x00000000   Data           4  startup_lpc17xx.o(RESET)
    _printf_a                                0x00000000   Number         0  stubs.o ABSOLUTE
    _printf_c                                0x00000000   Number         0  stubs.o ABSOLUTE
    _printf_charcount                        0x00000000   Number         0  stubs.o ABSOLUTE
    _printf_d                                0x00000000   Number         0  stubs.o ABSOLUTE
    _printf_e                                0x00000000   Number         0  stubs.o ABSOLUTE
    _printf_f                                0x00000000   Number         0  stubs.o ABSOLUTE
    _printf_flags                            0x00000000   Number         0  stubs.o ABSOLUTE
    _printf_fp_dec                           0x00000000   Number         0  stubs.o ABSOLUTE
    _printf_fp_hex                           0x00000000   Number         0  stubs.o ABSOLUTE
    _printf_g                                0x00000000   Number         0  stubs.o ABSOLUTE
    _printf_i                                0x00000000   Number         0  stubs.o ABSOLUTE
    _printf_int_dec                          0x00000000   Number         0  stubs.o ABSOLUTE
    _printf_l                                0x00000000   Number         0  stubs.o ABSOLUTE
    _printf_lc                               0x00000000   Number         0  stubs.o ABSOLUTE
    _printf_ll                               0x00000000   Number         0  stubs.o ABSOLUTE
    _printf_lld                              0x00000000   Number         0  stubs.o ABSOLUTE
    _printf_lli                              0x00000000   Number         0  stubs.o ABSOLUTE
    _printf_llo                              0x00000000   Number         0  stubs.o ABSOLUTE
    _printf_llu                              0x00000000   Number         0  stubs.o ABSOLUTE
    _printf_llx                              0x00000000   Number         0  stubs.o ABSOLUTE
    _printf_longlong_dec                     0x00000000   Number         0  stubs.o ABSOLUTE
    _printf_longlong_hex                     0x00000000   Number         0  stubs.o ABSOLUTE
    _printf_longlong_oct                     0x00000000   Number         0  stubs.o ABSOLUTE
    _printf_ls                               0x00000000   Number         0  stubs.o ABSOLUTE
    _printf_mbtowc                           0x00000000   Number         0  stubs.o ABSOLUTE
    _printf_n                                0x00000000   Number         0  stubs.o ABSOLUTE
    _printf_o                                0x00000000   Number         0  stubs.o ABSOLUTE
    _printf_p                                0x00000000   Number         0  stubs.o ABSOLUTE
    _printf_percent                          0x00000000   Number         0  stubs.o ABSOLUTE
    _printf_pre_padding                      0x00000000   Number         0  stubs.o ABSOLUTE
    _printf_return_value                     0x00000000   Number         0  stubs.o ABSOLUTE
    _printf_s                                0x00000000   Number         0  stubs.o ABSOLUTE
    _printf_sizespec                         0x00000000   Number         0  stubs.o ABSOLUTE
    _printf_str                              0x00000000   Number         0  stubs.o ABSOLUTE
    _printf_truncate_signed                  0x00000000   Number         0  stubs.o ABSOLUTE
    _printf_truncate_unsigned                0x00000000   Number         0  stubs.o ABSOLUTE
    _printf_u                                0x00000000   Number         0  stubs.o ABSOLUTE
    _printf_wc                               0x00000000   Number         0  stubs.o ABSOLUTE
    _printf_wctomb                           0x00000000   Number         0  stubs.o ABSOLUTE
    _printf_widthprec                        0x00000000   Number         0  stubs.o ABSOLUTE
    _printf_x                                0x00000000   Number         0  stubs.o ABSOLUTE
    __arm_fini_                               - Undefined Weak Reference
    __cpp_initialize__aeabi_                  - Undefined Weak Reference
    __cxa_finalize                            - Undefined Weak Reference
    __decompress                              - Undefined Weak Reference
    _clock_init                               - Undefined Weak Reference
    _microlib_exit                            - Undefined Weak Reference
    __main                                   0x000000cd   Thumb Code     0  entry.o(.ARM.Collect$$$$00000000)
    _main_stk                                0x000000cd   Thumb Code     0  entry2.o(.ARM.Collect$$$$00000001)
    _main_scatterload                        0x000000d1   Thumb Code     0  entry5.o(.ARM.Collect$$$$00000004)
    __main_after_scatterload                 0x000000d5   Thumb Code     0  entry5.o(.ARM.Collect$$$$00000004)
    _main_clock                              0x000000d5   Thumb Code     0  entry7b.o(.ARM.Collect$$$$00000008)
    _main_cpp_init                           0x000000d5   Thumb Code     0  entry8b.o(.ARM.Collect$$$$0000000A)
    _main_init                               0x000000d5   Thumb Code     0  entry9a.o(.ARM.Collect$$$$0000000B)
    __rt_lib_shutdown_fini                   0x000000dd   Thumb Code     0  entry12b.o(.ARM.Collect$$$$0000000E)
    __rt_final_cpp                           0x000000e1   Thumb Code     0  entry10a.o(.ARM.Collect$$$$0000000F)
    __rt_final_exit                          0x000000e1   Thumb Code     0  entry11a.o(.ARM.Collect$$$$00000011)
    Reset_Handler                            0x000000e5   Thumb Code     8  startup_lpc17xx.o(.text)
    NMI_Handler                              0x000000ed   Thumb Code     2  startup_lpc17xx.o(.text)
    HardFault_Handler                        0x000000ef   Thumb Code     2  startup_lpc17xx.o(.text)
    MemManage_Handler                        0x000000f1   Thumb Code     2  startup_lpc17xx.o(.text)
    BusFault_Handler                         0x000000f3   Thumb Code     2  startup_lpc17xx.o(.text)
    UsageFault_Handler                       0x000000f5   Thumb Code     2  startup_lpc17xx.o(.text)
    SVC_Handler                              0x000000f7   Thumb Code     2  startup_lpc17xx.o(.text)
    DebugMon_Handler                         0x000000f9   Thumb Code     2  startup_lpc17xx.o(.text)
    PendSV_Handler                           0x000000fb   Thumb Code     2  startup_lpc17xx.o(.text)
    SysTick_Handler                          0x000000fd   Thumb Code     2  startup_lpc17xx.o(.text)
    BOD_IRQHandler                           0x000000ff   Thumb Code     0  startup_lpc17xx.o(.text)
    CANActivity_IRQHandler                   0x000000ff   Thumb Code     0  startup_lpc17xx.o(.text)
    CAN_IRQHandler                           0x000000ff   Thumb Code     0  startup_lpc17xx.o(.text)
    DMA_IRQHandler                           0x000000ff   Thumb Code     0  startup_lpc17xx.o(.text)
    EINT0_IRQHandler                         0x000000ff   Thumb Code     0  startup_lpc17xx.o(.text)
    EINT1_IRQHandler                         0x000000ff   Thumb Code     0  startup_lpc17xx.o(.text)
    EINT2_IRQHandler                         0x000000ff   Thumb Code     0  startup_lpc17xx.o(.text)
    EINT3_IRQHandler                         0x000000ff   Thumb Code     0  startup_lpc17xx.o(.text)
    ENET_IRQHandler                          0x000000ff   Thumb Code     0  startup_lpc17xx.o(.text)
    I2C0_IRQHandler                          0x000000ff   Thumb Code     0  startup_lpc17xx.o(.text)
    I2C1_IRQHandler                          0x000000ff   Thumb Code     0  startup_lpc17xx.o(.text)
    I2C2_IRQHandler                          0x000000ff   Thumb Code     0  startup_lpc17xx.o(.text)
    I2S_IRQHandler                           0x000000ff   Thumb Code     0  startup_lpc17xx.o(.text)
    MCPWM_IRQHandler                         0x000000ff   Thumb Code     0  startup_lpc17xx.o(.text)
    PLL0_IRQHandler                          0x000000ff   Thumb Code     0  startup_lpc17xx.o(.text)
    PLL1_IRQHandler                          0x000000ff   Thumb Code     0  startup_lpc17xx.o(.text)
    PWM1_IRQHandler                          0x000000ff   Thumb Code     0  startup_lpc17xx.o(.text)
    QEI_IRQHandler                           0x000000ff   Thumb Code     0  startup_lpc17xx.o(.text)
    RIT_IRQHandler                           0x000000ff   Thumb Code     0  startup_lpc17xx.o(.text)
    RTC_IRQHandler                           0x000000ff   Thumb Code     0  startup_lpc17xx.o(.text)
    SPI_IRQHandler                           0x000000ff   Thumb Code     0  startup_lpc17xx.o(.text)
    SSP0_IRQHandler                          0x000000ff   Thumb Code     0  startup_lpc17xx.o(.text)
    SSP1_IRQHandler                          0x000000ff   Thumb Code     0  startup_lpc17xx.o(.text)
    TIMER1_IRQHandler                        0x000000ff   Thumb Code     0  startup_lpc17xx.o(.text)
    TIMER2_IRQHandler                        0x000000ff   Thumb Code     0  startup_lpc17xx.o(.text)
    TIMER3_IRQHandler                        0x000000ff   Thumb Code     0  startup_lpc17xx.o(.text)
    UART0_IRQHandler                         0x000000ff   Thumb Code     0  startup_lpc17xx.o(.text)
    UART1_IRQHandler                         0x000000ff   Thumb Code     0  startup_lpc17xx.o(.text)
    UART2_IRQHandler                         0x000000ff   Thumb Code     0  startup_lpc17xx.o(.text)
    UART3_IRQHandler                         0x000000ff   Thumb Code     0  startup_lpc17xx.o(.text)
    USBActivity_IRQHandler                   0x000000ff   Thumb Code     0  startup_lpc17xx.o(.text)
    WDT_IRQHandler                           0x000000ff   Thumb Code     0  startup_lpc17xx.o(.text)
    __aeabi_uidiv                            0x00000109   Thumb Code     0  uidiv.o(.text)
    __aeabi_uidivmod                         0x00000109   Thumb Code    44  uidiv.o(.text)
    __scatterload                            0x00000135   Thumb Code    28  init.o(.text)
    __scatterload_rt2                        0x00000135   Thumb Code     0  init.o(.text)
    ADC_EP_GetRequest                        0x00000159   Thumb Code     4  adcuser.o(i.ADC_EP_GetRequest)
    ADC_EP_SetRequest                        0x0000015d   Thumb Code     4  adcuser.o(i.ADC_EP_SetRequest)
    ADC_IF_GetRequest                        0x00000161   Thumb Code   128  adcuser.o(i.ADC_IF_GetRequest)
    ADC_IF_SetRequest                        0x000001f1   Thumb Code    80  adcuser.o(i.ADC_IF_SetRequest)
    ADC_IRQHandler                           0x00000251   Thumb Code    28  adc_mcb1700.o(i.ADC_IRQHandler)
    EPAdr                                    0x00000279   Thumb Code    16  usbhw.o(i.EPAdr)
    GLCD_Bargraph                            0x00000289   Thumb Code    98  glcd_spi_lpc1700.o(i.GLCD_Bargraph)
    GLCD_SetBackColor                        0x000002f1   Thumb Code     6  glcd_spi_lpc1700.o(i.GLCD_SetBackColor)
    GLCD_Clear                               0x00000301   Thumb Code    42  glcd_spi_lpc1700.o(i.GLCD_Clear)
    GLCD_ClearLn                             0x0000032b   Thumb Code    94  glcd_spi_lpc1700.o(i.GLCD_ClearLn)
    GLCD_DisplayChar                         0x00000389   Thumb Code    84  glcd_spi_lpc1700.o(i.GLCD_DisplayChar)
    GLCD_DisplayString                       0x000003e5   Thumb Code    40  glcd_spi_lpc1700.o(i.GLCD_DisplayString)
    GLCD_DrawChar                            0x0000040d   Thumb Code   150  glcd_spi_lpc1700.o(i.GLCD_DrawChar)
    GLCD_Init                                0x000004a9   Thumb Code  1506  glcd_spi_lpc1700.o(i.GLCD_Init)
    GLCD_PutPixel                            0x00000a91   Thumb Code   118  glcd_spi_lpc1700.o(i.GLCD_PutPixel)
    GLCD_SetTextColor                        0x00000b11   Thumb Code     6  glcd_spi_lpc1700.o(i.GLCD_SetTextColor)
    GLCD_SetWindow                           0x00000b1d   Thumb Code   168  glcd_spi_lpc1700.o(i.GLCD_SetWindow)
    GLCD_WindowMax                           0x00000bc9   Thumb Code    18  glcd_spi_lpc1700.o(i.GLCD_WindowMax)
    GPIO_PinWrite                            0x00000bdd   Thumb Code    36  gpio_lpc17xx.o(i.GPIO_PinWrite)
    GPIO_PortClock                           0x00000c05   Thumb Code    38  gpio_lpc17xx.o(i.GPIO_PortClock)
    GPIO_SetDir                              0x00000c31   Thumb Code    52  gpio_lpc17xx.o(i.GPIO_SetDir)
    KBD_GetKeys                              0x00000d01   Thumb Code    58  kbd.o(i.KBD_GetKeys)
    KBD_Init                                 0x00000d41   Thumb Code    42  kbd.o(i.KBD_Init)
    LED_Initialize                           0x00000d7d   Thumb Code    88  led_mcb1700.o(i.LED_Initialize)
    PIN_Configure                            0x00000dd9   Thumb Code   246  pin_lpc17xx.o(i.PIN_Configure)
    RdCmdDat                                 0x00000ed5   Thumb Code    38  usbhw.o(i.RdCmdDat)
    SystemClockUpdate                        0x00000f05   Thumb Code   302  system_lpc17xx.o(i.SystemClockUpdate)
    SystemInit                               0x00001045   Thumb Code   302  system_lpc17xx.o(i.SystemInit)
    TIMER0_IRQHandler                        0x00001185   Thumb Code   298  main.o(i.TIMER0_IRQHandler)
    USB_ClrStallEP                           0x000012e1   Thumb Code    26  usbhw.o(i.USB_ClrStallEP)
    USB_ConfigEP                             0x00001301   Thumb Code    68  usbhw.o(i.USB_ConfigEP)
    USB_Configure                            0x0000134d   Thumb Code    60  usbhw.o(i.USB_Configure)
    USB_Connect                              0x00001391   Thumb Code    28  usbhw.o(i.USB_Connect)
    USB_DMA_BufAdr                           0x000013b1   Thumb Code    30  usbhw.o(i.USB_DMA_BufAdr)
    USB_DMA_Enable                           0x000013d5   Thumb Code    20  usbhw.o(i.USB_DMA_Enable)
    USB_DMA_Setup                            0x000013ed   Thumb Code   248  usbhw.o(i.USB_DMA_Setup)
    USB_DataInStage                          0x000014f9   Thumb Code    52  usbcore.o(i.USB_DataInStage)
    USB_DataOutStage                         0x00001531   Thumb Code    34  usbcore.o(i.USB_DataOutStage)
    USB_DirCtrlEP                            0x00001559   Thumb Code     2  usbhw.o(i.USB_DirCtrlEP)
    USB_DisableEP                            0x0000155d   Thumb Code    26  usbhw.o(i.USB_DisableEP)
    USB_EnableEP                             0x00001581   Thumb Code    26  usbhw.o(i.USB_EnableEP)
    USB_EndPoint0                            0x000015a1   Thumb Code   786  usbcore.o(i.USB_EndPoint0)
    USB_EndPoint3                            0x000018d1   Thumb Code   164  usbuser.o(i.USB_EndPoint3)
    USB_IRQHandler                           0x00001989   Thumb Code   518  usbhw.o(i.USB_IRQHandler)
    USB_Init                                 0x00001ba5   Thumb Code   154  usbhw.o(i.USB_Init)
    USB_ReadEP                               0x00001c55   Thumb Code    94  usbhw.o(i.USB_ReadEP)
    USB_ReqGetDescriptor                     0x00001cc1   Thumb Code   164  usbcore.o(i.USB_ReqGetDescriptor)
    USB_ReqGetStatus                         0x00001d79   Thumb Code   160  usbcore.o(i.USB_ReqGetStatus)
    USB_ReqSetClrFeature                     0x00001e39   Thumb Code   210  usbcore.o(i.USB_ReqSetClrFeature)
    USB_ReqSetConfiguration                  0x00001f25   Thumb Code   402  usbcore.o(i.USB_ReqSetConfiguration)
    USB_ReqSetInterface                      0x000020dd   Thumb Code   278  usbcore.o(i.USB_ReqSetInterface)
    USB_Reset                                0x0000220d   Thumb Code   172  usbhw.o(i.USB_Reset)
    USB_ResetCore                            0x000022d1   Thumb Code    34  usbcore.o(i.USB_ResetCore)
    USB_ResetEP                              0x0000230d   Thumb Code    26  usbhw.o(i.USB_ResetEP)
    USB_Reset_Event                          0x0000232d   Thumb Code     8  usbuser.o(i.USB_Reset_Event)
    USB_Resume                               0x00002335   Thumb Code     2  usbhw.o(i.USB_Resume)
    USB_SOF_Event                            0x00002337   Thumb Code     2  usbuser.o(i.USB_SOF_Event)
    USB_SetAddress                           0x00002339   Thumb Code    42  usbhw.o(i.USB_SetAddress)
    USB_SetStallEP                           0x00002369   Thumb Code    26  usbhw.o(i.USB_SetStallEP)
    USB_SetupStage                           0x0000238d   Thumb Code    12  usbcore.o(i.USB_SetupStage)
    USB_StatusInStage                        0x0000239d   Thumb Code    14  usbcore.o(i.USB_StatusInStage)
    USB_StatusOutStage                       0x000023ad   Thumb Code    12  usbcore.o(i.USB_StatusOutStage)
    USB_Suspend                              0x000023bd   Thumb Code     2  usbhw.o(i.USB_Suspend)
    USB_WakeUpCfg                            0x000023bf   Thumb Code     2  usbhw.o(i.USB_WakeUpCfg)
    USB_WriteEP                              0x000023c1   Thumb Code    70  usbhw.o(i.USB_WriteEP)
    WrCmd                                    0x00002415   Thumb Code    30  usbhw.o(i.WrCmd)
    WrCmdDat                                 0x0000243d   Thumb Code    58  usbhw.o(i.WrCmdDat)
    WrCmdEP                                  0x00002481   Thumb Code    78  usbhw.o(i.WrCmdEP)
    __0sprintf$6                             0x000024d9   Thumb Code    34  printf6.o(i.__0sprintf$6)
    __1sprintf$6                             0x000024d9   Thumb Code     0  printf6.o(i.__0sprintf$6)
    __2sprintf                               0x000024d9   Thumb Code     0  printf6.o(i.__0sprintf$6)
    __scatterload_copy                       0x0000253d   Thumb Code    14  handlers.o(i.__scatterload_copy)
    __scatterload_null                       0x0000254b   Thumb Code     2  handlers.o(i.__scatterload_null)
    __scatterload_zeroinit                   0x0000254d   Thumb Code    14  handlers.o(i.__scatterload_zeroinit)
    main                                     0x00002a0d   Thumb Code    96  main.o(i.main)
    Font_6x8_h                               0x00003038   Data         896  glcd_spi_lpc1700.o(.constdata)
    Font_16x24_h                             0x000033b8   Data        5376  glcd_spi_lpc1700.o(.constdata)
    USB_DeviceDescriptor                     0x000048b8   Data          18  usbdesc.o(.constdata)
    USB_ConfigDescriptor                     0x000048ca   Data         110  usbdesc.o(.constdata)
    USB_StringDescriptor                     0x00004938   Data         100  usbdesc.o(.constdata)
    DDAdr                                    0x0000499c   Data           8  usbhw.o(.constdata)
    DDSz                                     0x000049a4   Data           8  usbhw.o(.constdata)
    USB_P_EP                                 0x000049ac   Data          64  usbuser.o(.constdata)
    EventRecorderInfo                        0x000049fc   Data          24  eventrecorder.o(.constdata)
    Region$$Table$$Base                      0x00004a14   Number         0  anon$$obj.o(Region$$Table)
    Region$$Table$$Limit                     0x00004a34   Number         0  anon$$obj.o(Region$$Table)
    Mute                                     0x10000008   Data           1  main.o(.data)
    Volume                                   0x1000000c   Data           4  main.o(.data)
    InfoBuf                                  0x10000014   Data           4  main.o(.data)
    DataBuf                                  0x10000018   Data           4  main.o(.data)
    DataOut                                  0x1000001c   Data           2  main.o(.data)
    DataIn                                   0x1000001e   Data           2  main.o(.data)
    DataRun                                  0x10000020   Data           1  main.o(.data)
    PotVal                                   0x10000022   Data           2  main.o(.data)
    VUM                                      0x10000024   Data           4  main.o(.data)
    Tick                                     0x10000028   Data           4  main.o(.data)
    USB_DeviceStatus                         0x10000030   Data           2  usbcore.o(.data)
    USB_DeviceAddress                        0x10000032   Data           1  usbcore.o(.data)
    USB_Configuration                        0x10000033   Data           1  usbcore.o(.data)
    USB_EndPointMask                         0x10000034   Data           4  usbcore.o(.data)
    USB_EndPointHalt                         0x10000038   Data           4  usbcore.o(.data)
    USB_EndPointStall                        0x1000003c   Data           4  usbcore.o(.data)
    USB_NumInterfaces                        0x10000040   Data           1  usbcore.o(.data)
    USB_AltSetting                           0x10000041   Data           4  usbcore.o(.data)
    EP0Data                                  0x10000048   Data           8  usbcore.o(.data)
    SetupPacket                              0x10000050   Data           8  usbcore.o(.data)
    DDMemMap                                 0x2007c008   Data           8  usbhw.o(.data)
    VolCur                                   0x2007c010   Data           2  adcuser.o(.data)
    SystemCoreClock                          0x2007c018   Data           4  system_lpc17xx.o(.data)
    SystemFrequency                          0x2007c01c   Data           4  system_lpc17xx.o(.data)
    EP0Buf                                   0x2007c020   Data          64  usbcore.o(.bss)
    udca                                     0x2007c060   Data         128  usbhw.o(.bss)
    UDCA                                     0x2007c2e0   Data         128  usbhw.o(USB_RAM)
    __initial_sp                             0x2007c2e0   Data           0  startup_lpc17xx.o(STACK)
    DD_NISO_Mem                              0x2007c360   Data         256  usbhw.o(USB_RAM)
    DD_ISO_Mem                               0x2007c460   Data         160  usbhw.o(USB_RAM)



==============================================================================

Memory Map of the image

  Image Entry point : 0x000000cd

  Load Region LR_IROM1 (Base: 0x00000000, Size: 0x00004aac, Max: 0x00080000, ABSOLUTE)

    Execution Region ER_IROM1 (Exec base: 0x00000000, Load base: 0x00000000, Size: 0x00004a34, Max: 0x00080000, ABSOLUTE)

    Exec Addr    Load Addr    Size         Type   Attr      Idx    E Section Name        Object

    0x00000000   0x00000000   0x000000cc   Data   RO         1266    RESET               startup_lpc17xx.o
    0x000000cc   0x000000cc   0x00000000   Code   RO         1316  * .ARM.Collect$$$$00000000  mc_w.l(entry.o)
    0x000000cc   0x000000cc   0x00000004   Code   RO         1588    .ARM.Collect$$$$00000001  mc_w.l(entry2.o)
    0x000000d0   0x000000d0   0x00000004   Code   RO         1591    .ARM.Collect$$$$00000004  mc_w.l(entry5.o)
    0x000000d4   0x000000d4   0x00000000   Code   RO         1593    .ARM.Collect$$$$00000008  mc_w.l(entry7b.o)
    0x000000d4   0x000000d4   0x00000000   Code   RO         1595    .ARM.Collect$$$$0000000A  mc_w.l(entry8b.o)
    0x000000d4   0x000000d4   0x00000008   Code   RO         1596    .ARM.Collect$$$$0000000B  mc_w.l(entry9a.o)
    0x000000dc   0x000000dc   0x00000004   Code   RO         1603    .ARM.Collect$$$$0000000E  mc_w.l(entry12b.o)
    0x000000e0   0x000000e0   0x00000000   Code   RO         1598    .ARM.Collect$$$$0000000F  mc_w.l(entry10a.o)
    0x000000e0   0x000000e0   0x00000000   Code   RO         1600    .ARM.Collect$$$$00000011  mc_w.l(entry11a.o)
    0x000000e0   0x000000e0   0x00000004   Code   RO         1589    .ARM.Collect$$$$00002712  mc_w.l(entry2.o)
    0x000000e4   0x000000e4   0x00000024   Code   RO         1268    .text               startup_lpc17xx.o
    0x00000108   0x00000108   0x0000002c   Code   RO         1607    .text               mc_w.l(uidiv.o)
    0x00000134   0x00000134   0x00000024   Code   RO         1624    .text               mc_w.l(init.o)
    0x00000158   0x00000158   0x00000004   Code   RO          861    i.ADC_EP_GetRequest  adcuser.o
    0x0000015c   0x0000015c   0x00000004   Code   RO          862    i.ADC_EP_SetRequest  adcuser.o
    0x00000160   0x00000160   0x00000090   Code   RO          863    i.ADC_IF_GetRequest  adcuser.o
    0x000001f0   0x000001f0   0x00000060   Code   RO          864    i.ADC_IF_SetRequest  adcuser.o
    0x00000250   0x00000250   0x00000028   Code   RO          905    i.ADC_IRQHandler    adc_mcb1700.o
    0x00000278   0x00000278   0x00000010   Code   RO          523    i.EPAdr             usbhw.o
    0x00000288   0x00000288   0x00000068   Code   RO           88    i.GLCD_Bargraph     glcd_spi_lpc1700.o
    0x000002f0   0x000002f0   0x0000000c   Code   RO           98    i.GLCD_SetBackColor  glcd_spi_lpc1700.o
    0x000002fc   0x000002fc   0x00000004   Code   RO         1267    .ARM.__at_0x02FC    startup_lpc17xx.o
    0x00000300   0x00000300   0x0000002a   Code   RO           90    i.GLCD_Clear        glcd_spi_lpc1700.o
    0x0000032a   0x0000032a   0x0000005e   Code   RO           91    i.GLCD_ClearLn      glcd_spi_lpc1700.o
    0x00000388   0x00000388   0x0000005c   Code   RO           92    i.GLCD_DisplayChar  glcd_spi_lpc1700.o
    0x000003e4   0x000003e4   0x00000028   Code   RO           93    i.GLCD_DisplayString  glcd_spi_lpc1700.o
    0x0000040c   0x0000040c   0x0000009c   Code   RO           94    i.GLCD_DrawChar     glcd_spi_lpc1700.o
    0x000004a8   0x000004a8   0x000005e8   Code   RO           95    i.GLCD_Init         glcd_spi_lpc1700.o
    0x00000a90   0x00000a90   0x00000080   Code   RO           96    i.GLCD_PutPixel     glcd_spi_lpc1700.o
    0x00000b10   0x00000b10   0x0000000c   Code   RO           99    i.GLCD_SetTextColor  glcd_spi_lpc1700.o
    0x00000b1c   0x00000b1c   0x000000ac   Code   RO          100    i.GLCD_SetWindow    glcd_spi_lpc1700.o
    0x00000bc8   0x00000bc8   0x00000012   Code   RO          101    i.GLCD_WindowMax    glcd_spi_lpc1700.o
    0x00000bda   0x00000bda   0x00000002   PAD
    0x00000bdc   0x00000bdc   0x00000028   Code   RO         1178    i.GPIO_PinWrite     gpio_lpc17xx.o
    0x00000c04   0x00000c04   0x0000002c   Code   RO         1179    i.GPIO_PortClock    gpio_lpc17xx.o
    0x00000c30   0x00000c30   0x00000038   Code   RO         1182    i.GPIO_SetDir       gpio_lpc17xx.o
    0x00000c68   0x00000c68   0x00000098   Code   RO          277    i.Gallery           main.o
    0x00000d00   0x00000d00   0x00000040   Code   RO            4    i.KBD_GetKeys       kbd.o
    0x00000d40   0x00000d40   0x0000003c   Code   RO            5    i.KBD_Init          kbd.o
    0x00000d7c   0x00000d7c   0x0000005c   Code   RO          976    i.LED_Initialize    led_mcb1700.o
    0x00000dd8   0x00000dd8   0x000000fc   Code   RO         1231    i.PIN_Configure     pin_lpc17xx.o
    0x00000ed4   0x00000ed4   0x00000030   Code   RO          524    i.RdCmdDat          usbhw.o
    0x00000f04   0x00000f04   0x00000140   Code   RO         1277    i.SystemClockUpdate  system_lpc17xx.o
    0x00001044   0x00001044   0x00000140   Code   RO         1279    i.SystemInit        system_lpc17xx.o
    0x00001184   0x00001184   0x0000015c   Code   RO          278    i.TIMER0_IRQHandler  main.o
    0x000012e0   0x000012e0   0x00000020   Code   RO          526    i.USB_ClrStallEP    usbhw.o
    0x00001300   0x00001300   0x0000004c   Code   RO          527    i.USB_ConfigEP      usbhw.o
    0x0000134c   0x0000134c   0x00000044   Code   RO          528    i.USB_Configure     usbhw.o
    0x00001390   0x00001390   0x00000020   Code   RO          529    i.USB_Connect       usbhw.o
    0x000013b0   0x000013b0   0x00000024   Code   RO          530    i.USB_DMA_BufAdr    usbhw.o
    0x000013d4   0x000013d4   0x00000018   Code   RO          533    i.USB_DMA_Enable    usbhw.o
    0x000013ec   0x000013ec   0x0000010c   Code   RO          534    i.USB_DMA_Setup     usbhw.o
    0x000014f8   0x000014f8   0x00000038   Code   RO          397    i.USB_DataInStage   usbcore.o
    0x00001530   0x00001530   0x00000028   Code   RO          398    i.USB_DataOutStage  usbcore.o
    0x00001558   0x00001558   0x00000002   Code   RO          536    i.USB_DirCtrlEP     usbhw.o
    0x0000155a   0x0000155a   0x00000002   PAD
    0x0000155c   0x0000155c   0x00000024   Code   RO          537    i.USB_DisableEP     usbhw.o
    0x00001580   0x00001580   0x00000020   Code   RO          538    i.USB_EnableEP      usbhw.o
    0x000015a0   0x000015a0   0x00000330   Code   RO          399    i.USB_EndPoint0     usbcore.o
    0x000018d0   0x000018d0   0x000000b8   Code   RO          751    i.USB_EndPoint3     usbuser.o
    0x00001988   0x00001988   0x0000021c   Code   RO          540    i.USB_IRQHandler    usbhw.o
    0x00001ba4   0x00001ba4   0x000000b0   Code   RO          541    i.USB_Init          usbhw.o
    0x00001c54   0x00001c54   0x0000006c   Code   RO          542    i.USB_ReadEP        usbhw.o
    0x00001cc0   0x00001cc0   0x000000b8   Code   RO          400    i.USB_ReqGetDescriptor  usbcore.o
    0x00001d78   0x00001d78   0x000000c0   Code   RO          401    i.USB_ReqGetStatus  usbcore.o
    0x00001e38   0x00001e38   0x000000ec   Code   RO          402    i.USB_ReqSetClrFeature  usbcore.o
    0x00001f24   0x00001f24   0x000001b8   Code   RO          403    i.USB_ReqSetConfiguration  usbcore.o
    0x000020dc   0x000020dc   0x00000130   Code   RO          404    i.USB_ReqSetInterface  usbcore.o
    0x0000220c   0x0000220c   0x000000c4   Code   RO          543    i.USB_Reset         usbhw.o
    0x000022d0   0x000022d0   0x0000003c   Code   RO          405    i.USB_ResetCore     usbcore.o
    0x0000230c   0x0000230c   0x00000020   Code   RO          544    i.USB_ResetEP       usbhw.o
    0x0000232c   0x0000232c   0x00000008   Code   RO          758    i.USB_Reset_Event   usbuser.o
    0x00002334   0x00002334   0x00000002   Code   RO          545    i.USB_Resume        usbhw.o
    0x00002336   0x00002336   0x00000002   Code   RO          759    i.USB_SOF_Event     usbuser.o
    0x00002338   0x00002338   0x00000030   Code   RO          546    i.USB_SetAddress    usbhw.o
    0x00002368   0x00002368   0x00000024   Code   RO          547    i.USB_SetStallEP    usbhw.o
    0x0000238c   0x0000238c   0x00000010   Code   RO          406    i.USB_SetupStage    usbcore.o
    0x0000239c   0x0000239c   0x0000000e   Code   RO          407    i.USB_StatusInStage  usbcore.o
    0x000023aa   0x000023aa   0x00000002   PAD
    0x000023ac   0x000023ac   0x00000010   Code   RO          408    i.USB_StatusOutStage  usbcore.o
    0x000023bc   0x000023bc   0x00000002   Code   RO          548    i.USB_Suspend       usbhw.o
    0x000023be   0x000023be   0x00000002   Code   RO          550    i.USB_WakeUpCfg     usbhw.o
    0x000023c0   0x000023c0   0x00000054   Code   RO          551    i.USB_WriteEP       usbhw.o
    0x00002414   0x00002414   0x00000028   Code   RO          552    i.WrCmd             usbhw.o
    0x0000243c   0x0000243c   0x00000044   Code   RO          553    i.WrCmdDat          usbhw.o
    0x00002480   0x00002480   0x00000058   Code   RO          554    i.WrCmdEP           usbhw.o
    0x000024d8   0x000024d8   0x00000028   Code   RO         1484    i.__0sprintf$6      mc_w.l(printf6.o)
    0x00002500   0x00002500   0x0000003c   Code   RO          279    i.__NVIC_DisableIRQ  main.o
    0x0000253c   0x0000253c   0x0000000e   Code   RO         1634    i.__scatterload_copy  mc_w.l(handlers.o)
    0x0000254a   0x0000254a   0x00000002   Code   RO         1635    i.__scatterload_null  mc_w.l(handlers.o)
    0x0000254c   0x0000254c   0x0000000e   Code   RO         1636    i.__scatterload_zeroinit  mc_w.l(handlers.o)
    0x0000255a   0x0000255a   0x00000002   PAD
    0x0000255c   0x0000255c   0x000002f0   Code   RO         1489    i._printf_core      mc_w.l(printf6.o)
    0x0000284c   0x0000284c   0x00000024   Code   RO         1490    i._printf_post_padding  mc_w.l(printf6.o)
    0x00002870   0x00002870   0x0000002e   Code   RO         1491    i._printf_pre_padding  mc_w.l(printf6.o)
    0x0000289e   0x0000289e   0x0000000a   Code   RO         1493    i._sputc            mc_w.l(printf6.o)
    0x000028a8   0x000028a8   0x0000000e   Code   RO          104    i.delay             glcd_spi_lpc1700.o
    0x000028b6   0x000028b6   0x0000004e   Code   RO          280    i.draw_stub_image   main.o
    0x00002904   0x00002904   0x00000080   Code   RO          281    i.gallery_draw_current  main.o
    0x00002984   0x00002984   0x00000044   Code   RO          282    i.get_potval        main.o
    0x000029c8   0x000029c8   0x00000044   Code   RO          283    i.initMenu          main.o
    0x00002a0c   0x00002a0c   0x00000090   Code   RO          284    i.main              main.o
    0x00002a9c   0x00002a9c   0x000000b4   Code   RO          285    i.media_update_volume_ui  main.o
    0x00002b50   0x00002b50   0x0000008c   Code   RO          105    i.rd_id_man         glcd_spi_lpc1700.o
    0x00002bdc   0x00002bdc   0x00000048   Code   RO          106    i.rd_reg            glcd_spi_lpc1700.o
    0x00002c24   0x00002c24   0x000000b8   Code   RO          286    i.runMenu           main.o
    0x00002cdc   0x00002cdc   0x00000170   Code   RO          287    i.runMusicPlayer    main.o
    0x00002e4c   0x00002e4c   0x0000007c   Code   RO          288    i.selectMenu        main.o
    0x00002ec8   0x00002ec8   0x00000020   Code   RO          107    i.spi_tran          glcd_spi_lpc1700.o
    0x00002ee8   0x00002ee8   0x00000080   Code   RO          108    i.spi_tran_man      glcd_spi_lpc1700.o
    0x00002f68   0x00002f68   0x00000036   Code   RO          289    i.ui_header         main.o
    0x00002f9e   0x00002f9e   0x00000002   PAD
    0x00002fa0   0x00002fa0   0x00000028   Code   RO          109    i.wr_cmd            glcd_spi_lpc1700.o
    0x00002fc8   0x00002fc8   0x00000028   Code   RO          110    i.wr_dat            glcd_spi_lpc1700.o
    0x00002ff0   0x00002ff0   0x00000012   Code   RO          111    i.wr_dat_only       glcd_spi_lpc1700.o
    0x00003002   0x00003002   0x00000002   PAD
    0x00003004   0x00003004   0x00000014   Code   RO          112    i.wr_dat_start      glcd_spi_lpc1700.o
    0x00003018   0x00003018   0x0000000c   Code   RO          113    i.wr_dat_stop       glcd_spi_lpc1700.o
    0x00003024   0x00003024   0x00000014   Code   RO          114    i.wr_reg            glcd_spi_lpc1700.o
    0x00003038   0x00003038   0x00001880   Data   RO          115    .constdata          glcd_spi_lpc1700.o
    0x000048b8   0x000048b8   0x000000e4   Data   RO          508    .constdata          usbdesc.o
    0x0000499c   0x0000499c   0x00000010   Data   RO          556    .constdata          usbhw.o
    0x000049ac   0x000049ac   0x00000040   Data   RO          760    .constdata          usbuser.o
    0x000049ec   0x000049ec   0x00000010   Data   RO          981    .constdata          led_mcb1700.o
    0x000049fc   0x000049fc   0x00000018   Data   RO         1057    .constdata          eventrecorder.o
    0x00004a14   0x00004a14   0x00000020   Data   RO         1632    Region$$Table       anon$$obj.o


    Execution Region RW_IRAM1 (Exec base: 0x10000000, Load base: 0x00004a34, Size: 0x00000524, Max: 0x00009000, ABSOLUTE, UNINIT)

    Exec Addr    Load Addr    Size         Type   Attr      Idx    E Section Name        Object

    0x10000000   0x00004a34   0x0000002d   Data   RW          290    .data               main.o
    0x1000002d   0x00004a61   0x00000003   PAD
    0x10000030   0x00004a64   0x00000028   Data   RW          410    .data               usbcore.o
    0x10000058   0x00004a8c   0x00000028   PAD
    0x10000080        -       0x000004a4   Zero   RW         1056    .bss.noinit         eventrecorder.o


    Execution Region RW_IRAM2 (Exec base: 0x2007c000, Load base: 0x00004a8c, Size: 0x00000500, Max: 0x00009000, ABSOLUTE, UNINIT)

    Exec Addr    Load Addr    Size         Type   Attr      Idx    E Section Name        Object

    0x2007c000   0x00004a8c   0x00000005   Data   RW          116    .data               glcd_spi_lpc1700.o
    0x2007c005   0x00004a91   0x00000003   PAD
    0x2007c008   0x00004a94   0x00000008   Data   RW          557    .data               usbhw.o
    0x2007c010   0x00004a9c   0x00000002   Data   RW          866    .data               adcuser.o
    0x2007c012   0x00004a9e   0x00000003   Data   RW          910    .data               adc_mcb1700.o
    0x2007c015   0x00004aa1   0x00000003   PAD
    0x2007c018   0x00004aa4   0x00000008   Data   RW         1280    .data               system_lpc17xx.o
    0x2007c020        -       0x00000040   Zero   RW          409    .bss                usbcore.o
    0x2007c060        -       0x00000080   Zero   RW          555    .bss                usbhw.o
    0x2007c0e0        -       0x00000200   Zero   RW         1264    STACK               startup_lpc17xx.o
    0x2007c2e0        -       0x00000220   Zero   RW          558    USB_RAM             usbhw.o


==============================================================================

Image component sizes


      Code (inc. data)   RO Data    RW Data    ZI Data      Debug   Object Name

        40         12          0          3          0       2425   adc_mcb1700.o
       248         32          0          2          0       2426   adcuser.o
         0          0         24          0       1188       3996   eventrecorder.o
      2918        110       6272          5          0      15196   glcd_spi_lpc1700.o
       140         14          0          0          0       1807   gpio_lpc17xx.o
       124         24          0          0          0       5381   kbd.o
        92          4         16          0          0       1421   led_mcb1700.o
      1956        448          0         45          0      57417   main.o
       252          6          0          0          0        844   pin_lpc17xx.o
        40         12        204          0        512        996   startup_lpc17xx.o
       640         36          0          8          0       1363   system_lpc17xx.o
      2374        236          0         40         64       9927   usbcore.o
         0          0        228          0          0        649   usbdesc.o
      2092        230         16          8        672      40679   usbhw.o
       194         20         64          0          0       1929   usbuser.o

    ----------------------------------------------------------------------
     11120       1184       6856        120       2476     146456   Object Totals
         0          0         32          0          0          0   (incl. Generated)
        10          0          0          9         40          0   (incl. Padding)

    ----------------------------------------------------------------------

      Code (inc. data)   RO Data    RW Data    ZI Data      Debug   Library Member Name

         0          0          0          0          0          0   entry.o
         0          0          0          0          0          0   entry10a.o
         0          0          0          0          0          0   entry11a.o
         4          0          0          0          0          0   entry12b.o
         8          4          0          0          0          0   entry2.o
         4          0          0          0          0          0   entry5.o
         0          0          0          0          0          0   entry7b.o
         0          0          0          0          0          0   entry8b.o
         8          4          0          0          0          0   entry9a.o
        30          0          0          0          0          0   handlers.o
        36          8          0          0          0         68   init.o
       884         10          0          0          0        420   printf6.o
        44          0          0          0          0         80   uidiv.o

    ----------------------------------------------------------------------
      1020         26          0          0          0        568   Library Totals
         2          0          0          0          0          0   (incl. Padding)

    ----------------------------------------------------------------------

      Code (inc. data)   RO Data    RW Data    ZI Data      Debug   Library Name

      1018         26          0          0          0        568   mc_w.l

    ----------------------------------------------------------------------
      1020         26          0          0          0        568   Library Totals

    ----------------------------------------------------------------------

==============================================================================


      Code (inc. data)   RO Data    RW Data    ZI Data      Debug   

     12140       1210       6856        120       2476     142496   Grand Totals
     12140       1210       6856        120       2476     142496   ELF Image Totals
     12140       1210       6856        120          0          0   ROM Totals

==============================================================================

    Total RO  Size (Code + RO Data)                18996 (  18.55kB)
    Total RW  Size (RW Data + ZI Data)              2596 (   2.54kB)
    Total ROM Size (Code + RO Data + RW Data)      19116 (  18.67kB)

==============================================================================

